__ - 2015/09/07 - 00:50:37 : Exposing event <startRoute> to machine <Alpha> with 3 arguments
__ - 2015/09/07 - 00:50:37 : Exposing event <registerPlugin> to machine <Alpha> with 3 arguments
__ - 2015/09/07 - 00:50:37 : Exposing event <registerRoute> to machine <Beta> with 2 arguments
__ - 2015/09/07 - 00:50:37 : Exposing event <hit> to machine <Beta> with 1 arguments
__ - 2015/09/07 - 00:50:37 : Exposing event <hit> to machine <Gamma> with 1 arguments
__ - 2015/09/07 - 00:50:37 : Exposing event <dump> to machine <Omega> with 1 arguments
__ - 2015/09/07 - 00:50:37 : Exposing event <info> to machine <Omega> with 1 arguments
__ - 2015/09/07 - 00:50:37 : Exposing event <warn> to machine <Omega> with 1 arguments
__ - 2015/09/07 - 00:50:37 : Exposing event <error> to machine <Omega> with 1 arguments
__ - 2015/09/07 - 00:50:37 : Intercepted event <registerPlugin> on machine <Alpha>. Arguments dump follows.
{ [32m'0'[39m: 
   { type: [32m'async'[39m,
     channel: [32m'in'[39m,
     description: [32m'Simple inotify at the root of the application'[39m,
     params: { base: [32m'/home/chad/dev/xdino/patterns/in/'[39m },
     watched: {},
     startRoute: [36m[Function][39m },
  [32m'1'[39m: [ [32m'payroll'[39m ],
  [32m'2'[39m: 
   { tables: 
      { employees: 
         { B51223: { name: [32m'John the Barbarian'[39m, email: [32m'john@kerbodyne.kom'[39m },
           A23598: { name: [32m'Petyr the Sage'[39m, email: [32m'petyr@kerbodyne.kom'[39m } },
        months: 
         [ [32m''[39m,
           [32m'Janvier'[39m,
           [32m'Février'[39m,
           [32m'Mars'[39m,
           [32m'Avril'[39m,
           [32m'Mai'[39m,
           [32m'Juin'[39m,
           [32m'Juillet'[39m,
           [32m'Aout'[39m,
           [32m'Septembre'[39m,
           [32m'Octobre'[39m,
           [32m'Novembre'[39m,
           [32m'Décembre'[39m ] },
     unhash: [36m[Function][39m },
  [32m'3'[39m: [90mundefined[39m,
  [32m'4'[39m: [90mundefined[39m }
I - 2015/09/07 - 00:50:37 : Registering plugin <in> (Simple inotify at the root of the application) on Alpha...
I - 2015/09/07 - 00:50:37 : Opening routes on plugin <in>...
__ - 2015/09/07 - 00:50:37 : Intercepted event <startRoute> on machine <Alpha>. Arguments dump follows.
{ [32m'0'[39m: [32m'in'[39m,
  [32m'1'[39m: [32m'payroll'[39m,
  [32m'2'[39m: { path: [32m'payroll'[39m },
  [32m'3'[39m: [90mundefined[39m,
  [32m'4'[39m: [90mundefined[39m }
I - 2015/09/07 - 00:50:37 : Starting route listener <payroll> on plugin <in>...
__ - 2015/09/07 - 00:50:37 : Intercepted event <registerRoute> on machine <Beta>. Arguments dump follows.
{ [32m'0'[39m: [32m'payroll'[39m,
  [32m'1'[39m: [36m[Function][39m,
  [32m'2'[39m: [90mundefined[39m,
  [32m'3'[39m: [90mundefined[39m,
  [32m'4'[39m: [90mundefined[39m }
I - 2015/09/07 - 00:50:37 : Registering route <payroll> semantics on Beta...
__ - 2015/09/07 - 00:50:37 : Intercepted event <registerPlugin> on machine <Alpha>. Arguments dump follows.
{ [32m'0'[39m: 
   { type: [32m'async'[39m,
     channel: [32m'gmail'[39m,
     description: [32m'Simple GMail interface'[39m,
     params: 
      { user: [32m'tonyravioli.dino@gmail.com'[39m,
        password: [32m'C4dillac5'[39m,
        host: [32m'imap.gmail.com'[39m,
        port: [33m993[39m,
        tls: [33mtrue[39m },
     watched: [90mundefined[39m,
     init: [36m[Function][39m,
     startRoute: [36m[Function][39m },
  [32m'1'[39m: [ [32m'test'[39m ],
  [32m'2'[39m: 
   { tables: 
      { employees: 
         { B51223: { name: [32m'John the Barbarian'[39m, email: [32m'john@kerbodyne.kom'[39m },
           A23598: { name: [32m'Petyr the Sage'[39m, email: [32m'petyr@kerbodyne.kom'[39m } },
        months: 
         [ [32m''[39m,
           [32m'Janvier'[39m,
           [32m'Février'[39m,
           [32m'Mars'[39m,
           [32m'Avril'[39m,
           [32m'Mai'[39m,
           [32m'Juin'[39m,
           [32m'Juillet'[39m,
           [32m'Aout'[39m,
           [32m'Septembre'[39m,
           [32m'Octobre'[39m,
           [32m'Novembre'[39m,
           [32m'Décembre'[39m ] },
     unhash: [36m[Function][39m },
  [32m'3'[39m: [90mundefined[39m,
  [32m'4'[39m: [90mundefined[39m }
I - 2015/09/07 - 00:50:37 : Registering plugin <gmail> (Simple GMail interface) on Alpha...
I - 2015/09/07 - 00:50:37 : Initializing plugin <gmail>...
I - 2015/09/07 - 00:50:37 : Plugin <gmail> READY
I - 2015/09/07 - 00:50:37 : Opening routes on plugin <gmail>...
__ - 2015/09/07 - 00:50:37 : Intercepted event <startRoute> on machine <Alpha>. Arguments dump follows.
{ [32m'0'[39m: [32m'gmail'[39m,
  [32m'1'[39m: [32m'test'[39m,
  [32m'2'[39m: { box: [32m'INBOX'[39m, search: [ [ [32m'X-GM-RAW'[39m, [32m'has:attachment'[39m ] ] },
  [32m'3'[39m: [90mundefined[39m,
  [32m'4'[39m: [90mundefined[39m }
I - 2015/09/07 - 00:50:37 : Starting route listener <test> on plugin <gmail>...
__ - 2015/09/07 - 00:50:37 : Intercepted event <registerRoute> on machine <Beta>. Arguments dump follows.
{ [32m'0'[39m: [32m'test'[39m,
  [32m'1'[39m: [36m[Function][39m,
  [32m'2'[39m: [90mundefined[39m,
  [32m'3'[39m: [90mundefined[39m,
  [32m'4'[39m: [90mundefined[39m }
I - 2015/09/07 - 00:50:37 : Registering route <test> semantics on Beta...
'Message #%d'
'(#4) Body'
'Delivered-To: tonyravioli.dino@gmail.com\r\nReceived: by 10.25.27.19 with SMTP id b19csp1012523lfb;\r\n        Sun, 6 Sep 2015 15:12:50 -0700 (PDT)\r\nX-Received: by 10.68.96.197 with SMTP id du5mr38072808pbb.32.1441577570669;\r\n        Sun, 06 Sep 2015 15:12:50 -0700 (PDT)\r\nReturn-Path: <3YbrsVQgTAD4st-wjuq3fhhtzsyx.lttlqj.htr@gaia.bounces.google.com>\r\nReceived: from mail-pa0-f71.google.com (mail-pa0-f71.google.com. [209.85.220.71])\r\n        by mx.google.com with ESMTPS id bh2si16500405pdb.78.2015.09.06.15.12.49\r\n        for <tonyravioli.dino@gmail.com>\r\n        (version=TLS1_2 cipher=ECDHE-RSA-AES128-GCM-SHA256 bits=128/128);\r\n        Sun, 06 Sep 2015 15:12:50 -0700 (PDT)\r\nReceived-SPF: pass (google.com: domain of 3YbrsVQgTAD4st-wjuq3fhhtzsyx.lttlqj.htr@gaia.bounces.google.com designates 209.85.220.71 as permitted sender) client-ip=209.85.220.71;\r\nAuthentication-Results: mx.google.com;\r\n       spf=pass (google.com: domain of 3YbrsVQgTAD4st-wjuq3fhhtzsyx.lttlqj.htr@gaia.bounces.google.com designates 209.85.220.71 as permitted sender) smtp.mailfrom=3YbrsVQgTAD4st-wjuq3fhhtzsyx.lttlqj.htr@gaia.bounces.google.com;\r\n       dkim=pass header.i=@accounts.google.com;\r\n       dmarc=pass (p=REJECT dis=NONE) header.from=accounts.google.com\r\nReceived: by mail-pa0-f71.google.com with SMTP id 10so632pav.1\r\n        for <tonyravioli.dino@gmail.com>; Sun, 06 Sep 2015 15:12:49 -0700 (PDT)\r\nDKIM-Signature: v=1; a=rsa-sha256; c=relaxed/relaxed;\r\n        d=accounts.google.com; s=20120806;\r\n        h=mime-version:feedback-id:date:message-id:subject:from:to\r\n         :content-type;\r\n        bh=3SoR8jVwsVxkH2UcUtQqbUP6p6iXc1EspEbu9/ypHXs=;\r\n        b=V2B7ibP0uzAVwAuk4mHLQjZvFiVx12PBYdGmneRjauDRSn5hXhcQSSFBgsZ9zh+ZiN\r\n         WPRJXFzguYKOsUjPwiqUFjZCgk9mBGwVxCk3YvD4JSSVDytDlsaKIVZx0gLtRVlwaRDg\r\n         Epvkgm44bVSS/uLXTAkQAhUiPDfAwtPW2dHEkU2O5RrgGVAQdN/mgC6QHObZDmw1D5O0\r\n         63dIBB2HNuiYtZz6YSd+FjkWzL7mhLKldbo2qeCtTe8HuCHYpNz5q1+ziF8CrTfaf2e/\r\n         9B5BaLyLB9PHCJhZ9nJvKjrRNuS5SzRXRAr7KDPtaEEK1FzxDSk+dr5L83cPN0q/HAP5\r\n         1MLQ==\r\nMIME-Version: 1.0\r\nX-Received: by 10.66.255.42 with SMTP id an10mr14949324pad.40.1441577569767;\r\n Sun, 06 Sep 2015 15:12:49 -0700 (PDT)\r\nX-Notifications: XEAAAAA2rAWjrsFnC2b3RhFTibF4\r\nX-Account-Notification-Type: GPS_UNSAFE_APP_LOGIN_BLOCKED\r\nFeedback-ID: GPS_UNSAFE_APP_LOGIN_BLOCKED:account-notifier\r\nDate: Sun, 6 Sep 2015 22:12:43 +0000 (UTC)\r\nMessage-ID: <RmL3B9tIc0KtVi_lQlIt_Q@notifications.google.com>\r\nSubject: =?ISO-8859-1?Q?Tentative_de_connexion_bloqu=E9e?=\r\nFrom: Google <no-reply@accounts.google.com>\r\nTo: tonyravioli.dino@gmail.com\r\nContent-Type: multipart/related; boundary=047d7b15fa29f64fc5051f1b6e99\r\n\r\n--047d7b15fa29f64fc5051f1b6e99\r\nContent-Type: multipart/alternative; boundary=047d7b15fa29f64fc3051f1b6e98\r\n\r\n--047d7b15fa29f64fc3051f1b6e98\r\nContent-Type: text/plain; charset=ISO-8859-1; format=flowed; delsp=yes\r\nContent-Transfer-Encoding: base64\r\n\r\nVGVudGF0aXZlIGRlIGNvbm5leGlvbiBibG9xdellQm9uam91ciBUb255LFVuIHV0aWxpc2F0ZXVy\r\nIGEgZXNzYXnpIGRlIHNlDQpjb25uZWN0ZXIg4CB2b3RyZSBjb21wdGUgR29vZ2xlICh0b255cmF2\r\naW9saS5kaW5vQGdtYWlsLmNvbSkgZGVwdWlzIHVuZQ0KYXBwbGljYXRpb24gcXVpIG5lIHJlc3Bl\r\nY3RlIHBhcyBsZXMgbm9ybWVzIGRlIHPpY3VyaXTpIGxlcyBwbHVzIHLpY2VudGVzLg0KROl0YWls\r\ncyA6DQpsdW5kaSA3IHNlcHRlbWJyZSAyMDE1LCAwMDoxMiAoaGV1cmUgZCfpdOkgZCdFdXJvcGUg\r\nY2VudHJhbGUpDQpCb3JkZWF1eCwgRnJhbmNlKk5vdXMgdm91cyByZWNvbW1hbmRvbnMgdml2ZW1l\r\nbnQgZCd1dGlsaXNlciB1bmUgYXBwbGljYXRpb24NCnPpY3VyaXPpZSB0ZWxsZSBxdWUgR21haWwg\r\ncG91ciBhY2PpZGVyIOAgdm90cmUgY29tcHRlLiBUb3V0ZXMgbGVzDQphcHBsaWNhdGlvbnMgY29u\r\n53VlcyBwYXIgR29vZ2xlIHJlc3BlY3RlbnQgY2VzIG5vcm1lcyBkZSBz6WN1cml06S4NCkwndXRp\r\nbGlzYXRpb24gZCd1bmUgYXBwbGljYXRpb24gbW9pbnMgc+ljdXJpc+llIHBldXQgcmVuZHJlIHZv\r\ndHJlIGNvbXB0ZQ0KdnVsbulyYWJsZS4gRW4gc2F2b2lyIHBsdXMNCjxodHRwczovL3N1cHBvcnQu\r\nZ29vZ2xlLmNvbS9hY2NvdW50cy9hbnN3ZXIvNjAxMDI1NT4NCg0KTm91cyBhdm9ucyBibG9xdekg\r\nbGEgdGVudGF0aXZlIGRlIGNvbm5leGlvbiwgbWFpcyBub3VzIHZvdXMgY29uc2VpbGxvbnMNCmQn\r\nZXhhbWluZXIgdm9zIGFwcGFyZWlscyBy6WNlbW1lbnQgdXRpbGlz6XMgOg0KDQpFWEFNSU5FUiBM\r\nRVMgQVBQQVJFSUxTDQo8aHR0cHM6Ly9hY2NvdW50cy5nb29nbGUuY29tL0FjY291bnRDaG9vc2Vy\r\nP0VtYWlsPXRvbnlyYXZpb2xpLmRpbm9AZ21haWwuY29tJmNvbnRpbnVlPWh0dHBzOi8vc2VjdXJp\r\ndHkuZ29vZ2xlLmNvbS9zZXR0aW5ncy9zZWN1cml0eS9hY3Rpdml0eT9yZm4lM0QyNz4NCkNvcmRp\r\nYWxlbWVudCwNCkwn6XF1aXBlIGRlcyBjb21wdGVzIEdvb2dsZSogTGUgbGlldSBlc3QgYXBwcm94\r\naW1hdGlmIGV0IGTpdGVybWlu6SBwYXINCmwnYWRyZXNzZSBJUCB1dGlsaXPpZS4NCkNldHRlIGFk\r\ncmVzc2UgZS1tYWlsIG5lIHBldXQgcGFzIHJlY2V2b2lyIGRlIHLpcG9uc2VzLiBQb3VyIGVuIHNh\r\ndm9pciBwbHVzLA0KY29uc3VsdGV6IGxlIENlbnRyZSBkJ2FpZGUgZGVzIGNvbXB0ZXMgR29vZ2xl\r\nDQo8aHR0cHM6Ly9zdXBwb3J0Lmdvb2dsZS5jb20vYWNjb3VudHMvYW5zd2VyLzYwMTAyNTU+LkNl\r\ndHRlIG5vdGlmaWNhdGlvbg0Kdm91cyBhIOl06SBlbnZveellIHBhciBlLW1haWwgYWZpbiBkZSB2\r\nb3VzIGluZm9ybWVyIGRlIG1vZGlmaWNhdGlvbnMNCmltcG9ydGFudGVzIGFwcG9ydOllcyDgIHZv\r\ndHJlIHByb2R1aXQgb3Ug4CB2b3RyZSBjb21wdGUgR29vZ2xlLg0KKGMpIDIwMTUgR29vZ2xlIElu\r\nYy4sIDE2MDAgQW1waGl0aGVhdHJlIFBhcmt3YXksIE1vdW50YWluIFZpZXcsIENBIDk0MDQzLCBV\r\nU0ENCg==\r\n--047d7b15fa29f64fc3051f1b6e98\r\nContent-Type: text/html; charset=ISO-8859-1\r\nContent-Transfer-Encoding: quoted-printable\r\n\r\n<html lang=3D"fr"><head><meta name=3D"format-detection" content=3D"date=3Dn=\r\no"><meta name=3D"format-detection" content=3D"email=3Dno"></head><body styl=\r\ne=3D"margin: 0; padding: 0;" bgcolor=3D"#FFFFFF"><table width=3D"100%" heig=\r\nht=3D"100%" style=3D"min-width: 348px;" border=3D"0" cellspacing=3D"0" cell=\r\npadding=3D"0"><tr height=3D"32px"></tr><tr align=3D"center"><td width=3D"32=\r\npx"></td><td><table border=3D"0" cellspacing=3D"0" cellpadding=3D"0" style=\r\n=3D"max-width: 600px;"><tr><td><table width=3D"100%" border=3D"0" cellspaci=\r\nng=3D"0" cellpadding=3D"0"><tr><td align=3D"left"><img width=3D"92px" heigh=\r\nt=3D"32px" src=3D"cid:google_logo" style=3D"display: block;"></td><td align=\r\n=3D"right"><img width=3D"32px" height=3D"32px" style=3D"display: block;" sr=\r\nc=3D"cid:shield"></td></tr></table></td></tr><tr height=3D"16"></tr><tr><td=\r\n><table bgcolor=3D"#D94235" width=3D"100%" border=3D"0" cellspacing=3D"0" c=\r\nellpadding=3D"0" style=3D"min-width: 332px; max-width: 600px; border: 1px s=\r\nolid #E0E0E0; border-bottom: 0; border-top-left-radius: 3px; border-top-rig=\r\nht-radius: 3px;"><tr><td height=3D"72px" colspan=3D"3"></td></tr><tr><td wi=\r\ndth=3D"32px"></td><td style=3D"font-family: Roboto-Regular,Helvetica,Arial,=\r\nsans-serif; font-size: 24px; color: #FFFFFF; line-height: 1.25;">Tentative =\r\nde connexion bloqu=E9e</td><td width=3D"32px"></td></tr><tr><td height=3D"1=\r\n8px" colspan=3D"3"></td></tr></table></td></tr><tr><td><table bgcolor=3D"#F=\r\nAFAFA" width=3D"100%" border=3D"0" cellspacing=3D"0" cellpadding=3D"0" styl=\r\ne=3D"min-width: 332px; max-width: 600px; border: 1px solid #F0F0F0; border-=\r\nbottom: 1px solid #C0C0C0; border-top: 0; border-bottom-left-radius: 3px; b=\r\norder-bottom-right-radius: 3px;"><tr height=3D"16px"><td width=3D"32px" row=\r\nspan=3D"3"></td><td></td><td width=3D"32px" rowspan=3D"3"></td></tr><tr><td=\r\n><table style=3D"min-width: 300px;" border=3D"0" cellspacing=3D"0" cellpadd=\r\ning=3D"0"><tr><td style=3D"font-family: Roboto-Regular,Helvetica,Arial,sans=\r\n-serif; font-size: 13px; color: #202020; line-height: 1.5;">Bonjour Tony,</=\r\ntd></tr><tr><td style=3D"font-family: Roboto-Regular,Helvetica,Arial,sans-s=\r\nerif; font-size: 13px; color: #202020; line-height: 1.5;">Un utilisateur a =\r\nessay=E9 de se connecter =E0 votre compte Google (tonyravioli.dino@gmail.co=\r\nm) depuis une application qui ne respecte pas les normes de s=E9curit=E9 le=\r\ns plus r=E9centes.<table border=3D"0" cellspacing=3D"0" cellpadding=3D"0" s=\r\ntyle=3D"margin-top: 16px; margin-bottom: 16px;"><tr valign=3D"middle"><td w=\r\nidth=3D"16px" ></td><td style=3D"line-height: 1.2;"><span style=3D"font-fam=\r\nily: Roboto-Regular,Helvetica,Arial,sans-serif; font-size: 16px; color: #20=\r\n2020;">D=E9tails&nbsp;:</span><br><span style=3D"font-family: Roboto-Regula=\r\nr,Helvetica,Arial,sans-serif; font-size: 13px; color: #727272;">lundi 7 sep=\r\ntembre 2015, 00:12 (heure d&rsquo;=E9t=E9 d&rsquo;Europe centrale)<br>Borde=\r\naux, France*</span></td></tr></table>Nous vous recommandons vivement d\'util=\r\niser une application s=E9curis=E9e telle que Gmail pour acc=E9der =E0 votre=\r\n compte. Toutes les applications con=E7ues par Google respectent ces normes=\r\n de s=E9curit=E9. L\'utilisation d\'une application moins s=E9curis=E9e peut =\r\nrendre votre compte vuln=E9rable. <a href=3D"https://support.google.com/acc=\r\nounts/answer/6010255" style=3D"text-decoration: none; color: #4285F4;" targ=\r\net=3D"_blank">En savoir plus</a><br><br>Nous avons bloqu=E9 la tentative de=\r\n connexion, mais nous vous conseillons d\'examiner vos appareils r=E9cemment=\r\n utilis=E9s&nbsp;:<br><br><a href=3D"https://accounts.google.com/AccountCho=\r\noser?Email=3Dtonyravioli.dino@gmail.com&amp;continue=3Dhttps://security.goo=\r\ngle.com/settings/security/activity?rfn%3D27" target=3D"_blank" style=3D"fon=\r\nt-family: Roboto-Regular,Helvetica,Arial,sans-serif; display:inline-block; =\r\ntext-align: center; text-decoration: none; height: 36px; line-height: 36px;=\r\n padding-left: 8px; padding-right: 8px; min-width: 88px; font-size: 14px; f=\r\nont-weight: 400; color: #ffffff; background-color: #4184F3; border-radius: =\r\n2px; border-width: 0px; box-shadow: 0 2px 5px 0 rgba(0,0,0,0.4);">EXAMINER =\r\nLES APPAREILS</a></td></tr><tr height=3D"32px"></tr><tr><td style=3D"font-f=\r\namily: Roboto-Regular,Helvetica,Arial,sans-serif; font-size: 13px; color: #=\r\n202020; line-height: 1.5;">Cordialement,<br>L\'=E9quipe des comptes Google</=\r\ntd></tr><tr height=3D"16px"></tr><tr><td><table style=3D"font-family: Robot=\r\no-Regular,Helvetica,Arial,sans-serif; font-size: 12px; color: #B9B9B9; line=\r\n-height: 1.5;"><tr><td>*&nbsp;Le lieu est approximatif et d=E9termin=E9 par=\r\n l&#39;adresse&nbsp;IP utilis=E9e.<br></td></tr>Cette adresse e-mail ne peu=\r\nt pas recevoir de r=E9ponses. Pour en savoir plus, consultez le <a href=3D"=\r\nhttps://support.google.com/accounts/answer/6010255" style=3D"text-decoratio=\r\nn: none; color: #4285F4;" target=3D"_blank">Centre d\'aide des comptes Googl=\r\ne</a>.</td><tr></table></td></tr></table></td></tr><tr height=3D"32px"></tr=\r\n></table></td></tr><tr height=3D"16"></tr><tr><td style=3D"max-width: 600px=\r\n; font-family: Roboto-Regular,Helvetica,Arial,sans-serif; font-size: 10px; =\r\ncolor: #BCBCBC; line-height: 1.5;"><tr><td><table style=3D"font-family: Rob=\r\noto-Regular,Helvetica,Arial,sans-serif; font-size: 10px; color: #666666; li=\r\nne-height: 18px; padding-bottom: 10px"><tr><td>Cette notification vous a =\r\n=E9t=E9 envoy=E9e par e-mail afin de vous informer de modifications importa=\r\nntes apport=E9es =E0 votre produit ou =E0 votre compte Google.</td></tr><tr=\r\n><td><div style=3D"direction: ltr; text-align: left">&copy; 2015 Google Inc=\r\n., 1600 Amphitheatre Parkway, Mountain View, CA 94043, USA</div></td></tr><=\r\n/table></td></tr></td></tr></table></td><td width=3D"32px"></td></tr><tr he=\r\night=3D"32px"></tr></table></body></html>\r\n--047d7b15fa29f64fc3051f1b6e98--\r\n--047d7b15fa29f64fc5051f1b6e99\r\nContent-Type: image/png; name="shield.png"\r\nContent-Disposition: INLINE\r\nContent-Transfer-Encoding: base64\r\nContent-ID: <shield>\r\n\r\niVBORw0KGgoAAAANSUhEUgAAAEAAAABACAYAAACqaXHeAAAKQWlDQ1BJQ0MgUHJvZmlsZQAASA2d\r\nlndUU9kWh8+9N73QEiIgJfQaegkg0jtIFQRRiUmAUAKGhCZ2RAVGFBEpVmRUwAFHhyJjRRQLg4Ji\r\n1wnyEFDGwVFEReXdjGsJ7601896a/cdZ39nnt9fZZ+9917oAUPyCBMJ0WAGANKFYFO7rwVwSE8vE\r\n9wIYEAEOWAHA4WZmBEf4RALU/L09mZmoSMaz9u4ugGS72yy/UCZz1v9/kSI3QyQGAApF1TY8fiYX\r\n5QKUU7PFGTL/BMr0lSkyhjEyFqEJoqwi48SvbPan5iu7yZiXJuShGlnOGbw0noy7UN6aJeGjjASh\r\nXJgl4GejfAdlvVRJmgDl9yjT0/icTAAwFJlfzOcmoWyJMkUUGe6J8gIACJTEObxyDov5OWieAHim\r\nZ+SKBIlJYqYR15hp5ejIZvrxs1P5YjErlMNN4Yh4TM/0tAyOMBeAr2+WRQElWW2ZaJHtrRzt7VnW\r\n5mj5v9nfHn5T/T3IevtV8Sbsz55BjJ5Z32zsrC+9FgD2JFqbHbO+lVUAtG0GQOXhrE/vIADyBQC0\r\n3pzzHoZsXpLE4gwnC4vs7GxzAZ9rLivoN/ufgm/Kv4Y595nL7vtWO6YXP4EjSRUzZUXlpqemS0TM\r\nzAwOl89k/fcQ/+PAOWnNycMsnJ/AF/GF6FVR6JQJhIlou4U8gViQLmQKhH/V4X8YNicHGX6daxRo\r\ndV8AfYU5ULhJB8hvPQBDIwMkbj96An3rWxAxCsi+vGitka9zjzJ6/uf6Hwtcim7hTEEiU+b2DI9k\r\nciWiLBmj34RswQISkAd0oAo0gS4wAixgDRyAM3AD3iAAhIBIEAOWAy5IAmlABLJBPtgACkEx2AF2\r\ng2pwANSBetAEToI2cAZcBFfADXALDIBHQAqGwUswAd6BaQiC8BAVokGqkBakD5lC1hAbWgh5Q0FQ\r\nOBQDxUOJkBCSQPnQJqgYKoOqoUNQPfQjdBq6CF2D+qAH0CA0Bv0BfYQRmALTYQ3YALaA2bA7HAhH\r\nwsvgRHgVnAcXwNvhSrgWPg63whfhG/AALIVfwpMIQMgIA9FGWAgb8URCkFgkAREha5EipAKpRZqQ\r\nDqQbuY1IkXHkAwaHoWGYGBbGGeOHWYzhYlZh1mJKMNWYY5hWTBfmNmYQM4H5gqVi1bGmWCesP3YJ\r\nNhGbjS3EVmCPYFuwl7ED2GHsOxwOx8AZ4hxwfrgYXDJuNa4Etw/XjLuA68MN4SbxeLwq3hTvgg/B\r\nc/BifCG+Cn8cfx7fjx/GvyeQCVoEa4IPIZYgJGwkVBAaCOcI/YQRwjRRgahPdCKGEHnEXGIpsY7Y\r\nQbxJHCZOkxRJhiQXUiQpmbSBVElqIl0mPSa9IZPJOmRHchhZQF5PriSfIF8lD5I/UJQoJhRPShxF\r\nQtlOOUq5QHlAeUOlUg2obtRYqpi6nVpPvUR9Sn0vR5Mzl/OX48mtk6uRa5Xrl3slT5TXl3eXXy6f\r\nJ18hf0r+pvy4AlHBQMFTgaOwVqFG4bTCPYVJRZqilWKIYppiiWKD4jXFUSW8koGStxJPqUDpsNIl\r\npSEaQtOledK4tE20Otpl2jAdRzek+9OT6cX0H+i99AllJWVb5SjlHOUa5bPKUgbCMGD4M1IZpYyT\r\njLuMj/M05rnP48/bNq9pXv+8KZX5Km4qfJUilWaVAZWPqkxVb9UU1Z2qbapP1DBqJmphatlq+9Uu\r\nq43Pp893ns+dXzT/5PyH6rC6iXq4+mr1w+o96pMamhq+GhkaVRqXNMY1GZpumsma5ZrnNMe0aFoL\r\ntQRa5VrntV4wlZnuzFRmJbOLOaGtru2nLdE+pN2rPa1jqLNYZ6NOs84TXZIuWzdBt1y3U3dCT0sv\r\nWC9fr1HvoT5Rn62fpL9Hv1t/ysDQINpgi0GbwaihiqG/YZ5ho+FjI6qRq9Eqo1qjO8Y4Y7ZxivE+\r\n41smsImdSZJJjclNU9jU3lRgus+0zwxr5mgmNKs1u8eisNxZWaxG1qA5wzzIfKN5m/krCz2LWIud\r\nFt0WXyztLFMt6ywfWSlZBVhttOqw+sPaxJprXWN9x4Zq42Ozzqbd5rWtqS3fdr/tfTuaXbDdFrtO\r\nu8/2DvYi+yb7MQc9h3iHvQ732HR2KLuEfdUR6+jhuM7xjOMHJ3snsdNJp9+dWc4pzg3OowsMF/AX\r\n1C0YctFx4bgccpEuZC6MX3hwodRV25XjWuv6zE3Xjed2xG3E3dg92f24+ysPSw+RR4vHlKeT5xrP\r\nC16Il69XkVevt5L3Yu9q76c+Oj6JPo0+E752vqt9L/hh/QL9dvrd89fw5/rX+08EOASsCegKpARG\r\nBFYHPgsyCRIFdQTDwQHBu4IfL9JfJFzUFgJC/EN2hTwJNQxdFfpzGC4sNKwm7Hm4VXh+eHcELWJF\r\nREPEu0iPyNLIR4uNFksWd0bJR8VF1UdNRXtFl0VLl1gsWbPkRoxajCCmPRYfGxV7JHZyqffS3UuH\r\n4+ziCuPuLjNclrPs2nK15anLz66QX8FZcSoeGx8d3xD/iRPCqeVMrvRfuXflBNeTu4f7kufGK+eN\r\n8V34ZfyRBJeEsoTRRJfEXYljSa5JFUnjAk9BteB1sl/ygeSplJCUoykzqdGpzWmEtPi000IlYYqw\r\nK10zPSe9L8M0ozBDuspp1e5VE6JA0ZFMKHNZZruYjv5M9UiMJJslg1kLs2qy3mdHZZ/KUcwR5vTk\r\nmuRuyx3J88n7fjVmNXd1Z752/ob8wTXuaw6thdauXNu5Tnddwbrh9b7rj20gbUjZ8MtGy41lG99u\r\nit7UUaBRsL5gaLPv5sZCuUJR4b0tzlsObMVsFWzt3WazrWrblyJe0fViy+KK4k8l3JLr31l9V/nd\r\nzPaE7b2l9qX7d+B2CHfc3em681iZYlle2dCu4F2t5czyovK3u1fsvlZhW3FgD2mPZI+0MqiyvUqv\r\nakfVp+qk6oEaj5rmvep7t+2d2sfb17/fbX/TAY0DxQc+HhQcvH/I91BrrUFtxWHc4azDz+ui6rq/\r\nZ39ff0TtSPGRz0eFR6XHwo911TvU1zeoN5Q2wo2SxrHjccdv/eD1Q3sTq+lQM6O5+AQ4ITnx4sf4\r\nH++eDDzZeYp9qukn/Z/2ttBailqh1tzWibakNml7THvf6YDTnR3OHS0/m/989Iz2mZqzymdLz5HO\r\nFZybOZ93fvJCxoXxi4kXhzpXdD66tOTSna6wrt7LgZevXvG5cqnbvfv8VZerZ645XTt9nX297Yb9\r\njdYeu56WX+x+aem172296XCz/ZbjrY6+BX3n+l37L972un3ljv+dGwOLBvruLr57/17cPel93v3R\r\nB6kPXj/Mejj9aP1j7OOiJwpPKp6qP6391fjXZqm99Oyg12DPs4hnj4a4Qy//lfmvT8MFz6nPK0a0\r\nRupHrUfPjPmM3Xqx9MXwy4yX0+OFvyn+tveV0auffnf7vWdiycTwa9HrmT9K3qi+OfrW9m3nZOjk\r\n03dp76anit6rvj/2gf2h+2P0x5Hp7E/4T5WfjT93fAn88ngmbWbm3/eE8/syOll+AAAIYUlEQVR4\r\nAeUbaWwUZfTNdFvaUkoLtIDIEYKUcoWjoHJJG4jBH4CgJVR/IBgUNYCIIYYfgP5R8QASxChWYiIK\r\nUUCEIGJaBKpBWkCOlpYgKVCO3nS3B7vb+XxvurOd7c5M51qyZV+ymW++97537Xe+7w0HIYaz08en\r\nxDmiZvDAjWIAaShuOP76AAc9ABj+CDgnMHBioRp/ZRxAqQDscrO39cSEk+eqiCJUgLLsh5LMCRMB\r\n+ByOg9kcg9HAYckMMAQOLjEGxwCE3en5Z4vMsNFqY04xBY5Xpqb1YNEJy3meX4rokQokdlQVC4KQ\r\ny3lcX40oKKUeYxksO+DczHFJsbxjNce4lfg/J1vWSAcD7BF1jGPbWgTvlvHHz9fraKJKYsUB3JWs\r\nSUs4xj7CLp6iKiGUCMaqGMetG5F3ZheKwSnGOJhywOVpEwdFRXO7cWhPNS7S/hY4UxS0eljOqFNF\r\nN4xyN+yAK5kZU9HwfSgo1aiwENNXoiMWjMgvLDAihzdCjMYvxeUrD9uEm/FkRirpJupowChdDtgL\r\nEFWSmfEZ/vPfcMDFGOD/UElJN9KRdCWd9QjvdAgQo7GZGfuQ8Vw9DMOFBofDwQv5hQuyAVq1dOq0\r\nB4zJzNjc1Ywng0ln0l3LeJFOi4DGE3UpLZpwx2FPWIYTY66anqpDgGZ7mlTCecyrGSWvZ8DcuEPI\r\nUlsdFB1A67wjhj+DjMJxtpfbp7dc6XULk5T2CUpzAEebnEfIeHJSqs+moD88yAHi9jZMdnh6/149\r\ndDiXTSXbOtIGeIQONvGco+xh7O1jhg6D5PnZED/5aXD+cQTqf/kJvFWVHfWz9x3PDk3MO1x+gHLI\r\nJdCpDheQ0B1seB4SpsyApOcXQfw4DBn4oNfiJZCc/TK4Tv0J9fv3QPPF8xLK3ice2mI5shE2Soz9\r\nPYDO8xCTWB6KIy2f0AN6PjcPkua/CNF9+0uyVZ8tV0tFRzjzjgLzeFTpzCDoKA3uhsFSPMHvgJKZ\r\nE9/BYMYnZpiqtYkZPBSSFiyCxFlzgI+NDSDD9Rma/vkbuLg4iB87PgAnvXjr6+D+of1w/9efwVtt\r\nX2QMgypr048XfUpy/A4ozZp0Gd9HSsJNP7ELdX9qGiSj4fETJgexEZoa4f7Rw1B/YC94bt2A1FXr\r\nIGnuwiA6eQVr9YLrRD7U7fsRWoovylFmy8VpeWdGUWPRARTD47moQrPcqB3fPQES58zFiQ27ef8B\r\nQazcFTdFoxt+OwTkBAn0OECipWdLaTE6Yg84j2OY0OuVowyVBdaaQTFG3yTI5xhqrUDcb/0HkPBk\r\nYHxE7OZFp6EeFW48rXJMNxgvjU0bCf3f2wQxg4ZATe4OBU30Vok2tzkAdZitt5kaHW6Z/SihuRka\r\njh0W/ynPzXJ/vWIB5wIzwPHt8ky199nsoLh9W+jaDBvlNtU7t4vdXRnbodZgD+jQ2vQr2Uy283Rp\r\nYTpuryrewL9qsgeoitaLwK2heGFDNzZ62zxqdGQ7j/8VXVdFJJDtdBiiu7pIheHkgD6Raj3ZjsOA\r\nbmkjFNB27AHSFbU1JzCP2xwDk8ug4DYpL0BL1iPgOByAM/hCBxcJ6BDUffIU6VXzKbgawPXXCU0a\r\nCdntiTSITukrvrbWtcuT8Gae6ABMTgDobaaxvE1rXY3/lQ43nR1wJOJ7Wz6E6p1fSK+az4Hbdsoc\r\n0C5Ps5EmknPyvswMTTI9SM+d23rIzNPwUdBtWPuC5blrgzzMSqFVgNJSLEPT+SLLPLQYxI0dB3y3\r\ntphCq7MBHly7qkWuF1dNDijTS61F5713B9y3K7RILOESs571txedbc8WuozOVKV+zhYLjTonM6Ni\r\nKNaQMHOWv5ldcsh2nrKx/JwtFuoP7AEmCBa5BDdPzn4JotAJBN7aGnDm/x5MZKKGbOcpFQ0ocmED\r\n0EToOnXcBk7tLByp/SB54WJ/BYXPbQmUos1kO095eJSK5pdgsVDz3dfALISqOorvt24D8HHxYrW3\r\ntlqMFnekMfNONpPtNAliB6A8PHvAff0a1O7eZQuz3sveCLg/qNz6MQiNLlt4SzaLDqAkRFu4+pjU\r\nfJ9reZlKeiEHeucs8avlzD9m8/Bqs1l0gC8Ds9gvzWoBh0DF+rfBU3XPOCe8Perz2kpIXUEXOG3Q\r\njKHwu5vfl17teBZLWae+HoB9ADMw7eAs8aB7vop1q4A2LXoheuBgeHzzduiF12QSPCi/js5cA+zB\r\nA6nK8lNuq98BlH6K48KeE4ZPRXf5f3Bz9XKgOwEtoBB3yltrYcjOHwLGfNOFs3BrzesgNNzXam4I\r\nRzaSrVKjgNhySVbGRgwQbJCQdj1pI6N0b0D8vXW14EjuFSSKboGqdmzFrqmZ4xTUrrMKXPs3pecV\r\nbpToAhwQ6uvxhGdmQZ9X34SYxwZI8oOezSWXoOrLrdBy6d8gnOUKhevxAAeQAEwieAUrbZ0PAhR3\r\nOKDnnHmQOHsOxI4cI0bkad/QiDdIDUcOgutkfgC5nS+421uKecXfynkGOQCRHCZInaSMCjlhKMqO\r\nlFSITR8NTWfPgOCisEToADd+BZgoNR0loB/aQSkixCjx2BHDhTxJilYKV1VeuzahK1WSTcg+wHgS\r\n518F5LIpmwo9tkBMMZMjumCZbCBblDLEyBxFBxBCzKtjsILKXRrQBrUcQbJL1QGExIa5AmOfU7kr\r\nAulONmjprukAangxv/Bd7EIHtZiEI450Jt07061TB2RjtjVlXXelnkC66skUJ+coLYOqThM/RuBg\r\nR7jmD/vygmnMa3Z7uYGGHEANKYka9wiR+ckMOYBmVEo8xjGmkvRDVA8XSBfSiXQzKtlwD5AJiNzP\r\n5mROgEj+cFLuB4jYT2cDvOB7iciPp5UcQXXh/vn8/yteSg4UHsnKAAAAAElFTkSuQmCC\r\n--047d7b15fa29f64fc5051f1b6e99\r\nContent-Type: image/png; name="google_logo.png"\r\nContent-Disposition: INLINE\r\nContent-Transfer-Encoding: base64\r\nContent-ID: <google_logo>\r\n\r\niVBORw0KGgoAAAANSUhEUgAAAXgAAACACAYAAAABK3JmAAAgOklEQVR42uzde4hUVRwH8KO7sz5S\r\niqQ3lWb56oE6M+uymnPPmVlTWrVaVvrDxOqPAlGLqD8kGtl77vooDUkkpT+MzHKLorKQ3VUjCjI0\r\nSKnENe2hOY8e7r1n3Jfu7fxEEMGsmZ29c3fm+4EfM4zr7Ir3fPdw5nfPYQAAAAAAAPkjZOYWIdUc\r\nYakXuHReF5a9yzDVd4Zln9CvOcK0u/Wjq1/v0a9l9PO0rsPCVF/qx+3CchqFVIujq9SU2Rt6hzAA\r\nACiMyKqO0cLKPCVMtUNI+zcK73yVYdldOvC/4pazOmo6RnCzG2AAANB/uHl6LLfUi7oOUhB7VYap\r\nTnNpb+WNalZ9k1vGAACg72j2LCznUR2yeyhsC1/2z/pxRbSxfRQDAIDs1bzce5UO9ueyWX7xdlbv\r\nKCHV+pq4cz0DAE8Ftz+yLfRunZtV7ahbyKCw6uNuhQ725YalkrmFr/dBzy1nZW3cHc4AAAEPlxdt\r\nVLXcUkeyCFgfBb39iyEz8xkAIODhovuluolL9R4F5UAvbqp3sD4PgIAHzZB2nWGpPykci6Wo957a\r\nKxkAIOBLUSTuDhXS2eJZ8Hof8ue4VM8z1x3EAAABXypmmWdu1QF4gIKw2ItbahvujAVAwJeEiMyE\r\nhLRPUfiVShmm+iIS//saBgAI+GJlWE6U2go9CtU/9Pfbp+sDWgqinnVhOWu5pdbp55vow1D9fK8w\r\nneO0nNLvP5N0vo7H3cEMABDwxcaQ6kHa46VfwtO0ew1pf8OlY9H30UF+A8tC1breYdHGTNiQzjIu\r\nnQ9pc7I83/3aQdscMABAwBdhf/vs/gh3Lu1vueUspTZLlke0Zi5kZq6wVBPtPolwB0DAw2Vws72a\r\nQi6fs3UKXqMxM415ILJW3SikY9KGYwh3AAQ8XMAb2sfntcddOh/xBuduVgCz4qevpTV82lce4Q6A\r\ngC9psdV/XU0HauSn1dA55pew1HepjhOm+hzhDoCAL02uO4hm2/mZuTubaWdJ5iPUDcMt51mazSPc\r\nARDwJYW6UfJwJ2iG9oH3+TGBlbSdMcIdAAFfEmiNvM8dM3QjlFRT2QBAH8JSiybCHQABX+z7y5RT\r\n2PWtS8Y5XmN2jBlY/+7kiIjMVDEAQMAXKzqoo697qsdWn7mNAQAg4P2Djq6jXvG+bC0Qa2i/iwEA\r\nIOD9hUu1sQ83L3XHTHsGAwBAwPsLrZlTSPehz30pAwBAwPsP9arnHO7S+QSHYgAAAt6vbYKm3Znj\r\nuvvp8xuFAQAg4P2HW87K3PvdM08zAAAEvP8EN7sBQ9onc/tgVR2qb3LLGAAAAt6fh3jk3BYpM/MZ\r\nAAAC3p+Eqd7O8SDqg/hgFQAQ8D5Fpx7ler4ql+oJBr7lBoOBZGTKncma4PRkLPxAMhqqS4nK+jQP\r\nzUvx8MxUNDzu16qqYaxIuXvZ0M6WinHdu8tn9rRUzD/bHFhARc/pNfoz+hpWhKrXpEdGpJp84ejL\r\nhcJST/JG9bgh7To6vGeGZV+HgM+OW19f9jufcjuNp7QIzaWxlIqFFySiwfnJWHDGqZrKMW4kUs78\r\nhDbWym2XSNVeG3eHM/AFl7FBiejUe5MitCQhgjt0eLfpC69HP7pXqkQ03KvD/qdUNNSUEqFnTtWE\r\n7qH3Gng7W7NBna0Vk7pby5fr2tHTXHa0qznQ29MacK9U57+mpayN/k53S/myzuaKifReA+84zfZR\r\nXKpFwrLfFKZq+587vZ6gQ+t1BjxG5z4g4C+Vrq4emRDhh/U42ZiIhvbrcdL5X+MpycNdekwd0M9f\r\n01V7PBIp7ARCB/WrOfa9v8Gg4NKzghN0qJv6Yjqqy81L8eAxHfir0zw0nvlcx+4hY3taApJCmgI7\r\nP1V2RD82dLQMuYP5GDU38MbMPGE5Ow3TPtvnM4elvfXfTlqLrlJTaMxnUwMx4N04G6wnOnNSIvz+\r\nxUDPvfQky06K4JaEmHZfgQLePpDLBYEtdQs7W0+LSq5nCp/RRdTP1ZzmlcJvs3q9xFLd1RrYeXGW\r\nnv+i99az+o+7m8ur/BbsQqrF3FJHLo7J/J2VzE31VmxN5uZLb4LMPJTtew2kgKellWS0cpEeU4f7\r\naywlRGgnBb2n2+PqgD+X/Y1NjqqPuxUMPHd+GYaH99IF42Xp9fs9yZrwZFZgnbsqJlCwUwB7WRT0\r\ntGbPCkyP1wi1Jmcd3DncvEgH9ZRCwKdioYiesR/yYhwlePicDvoNycikEV5cLNNzPMjjUwaeOlkb\r\nHE4XBl0g3ob7pRdnUoTX08/CPOY2sQq9FLNSz6q7KXALUfoXS5deq3/J3c8CzGN03KWQahONPy+L\r\nm+oVOtqyGAOeruOUCG0q0HhqS/Npwf7ee2ZJjv/xKxh4O2uPBr+nC8MPlRDhH+lnYh6htXAd7vsp\r\nZH1RzYF9HXuHjGYeiTXYE7mlfqCxV4ji0vmHvWsBkqK6ojeB3RRqGTUVxV/FfxkSNTDds2Ak43x2\r\n2SSaKAoaUxFTxk/UAiMaNUomMrssShA0MbFKiTH+IdFI/MCuQEoEf0GjMfiNUVR2h1kWmJllRdYl\r\n9yjWpGBmZ/q+1/26hzlVrwqR7e7Z6T59373nnnsrd6ufWk0Evy7RcKTpZwo5fg7a3CsYc0Rwcy3/\r\n7m98Im2Mh/pwQ/hrhTZz8eh0chlblwyJcdS+QUDEbkfz6zk3H/FE5ZbKZ/HcmVyYWVwtBM/yxrGc\r\na9/gk2cJ6c8ryA3AAVLyZaMAQzW4Dv7yJ0PGiJvAx2syuQRo1pnct4JQ/bg+TRfVn+5eAJabwOqW\r\nrXjm/LGCT/AsIW70Y8DEfSpXkW5wIeUlQZV9c6171X1kYvZUfPFBWLhW7eS+pO4HHCV/DCL188I1\r\n4kVEmoGGpM8EEDWC10PwaEbCztO3z1LCPo90QmIwBmkW+QAC3a/nC/bLKFAJtpDn4gsP1rK0dTWz\r\npr2ZibMfBBqE9ekuY0gjaUI8lTvxs8E7NYLXQ/DIuXOzUo+fn6GuaKgf8mfSBRCQQCK5skbwjqyU\r\nD3QUucdDJ8qUMuZvTsjNSBHoJGXCzAmI1nQkv0mHjDLe1ncY59x7cO/UCF4PwUMtI5BBmlkxe926\r\ncaPUZ2sgzSLseFtUI3gHL8QZvQ1UIdIRezhvIbu0ke4nEYv1UDpuX8fyxnPSCWt8Vyx8Cv/3JJaH\r\nJT/5f9HQen2qACvNjRz7iW/JhbQbR8KrNRdCH4K0sb+jbhLny0/Bwp/575K8/rqlo65HYwfsvwZW\r\n0jAVXyjuJn1Ba2EURoIt+St53sNZ6HqNtmbHs+TxAt6Jz2YV3Qqkgaqd4GE1oOd5Cm3lmtij/OxM\r\nSUet4zOJkQfAzmBt8ze+DFUZ//2ZkF2yymyt4m54sXJjIRqVZB40uYU1gq984aGqtDsVX6wWrXrU\r\nvr8rYcdhjlSJgRI6VeFfg5/V0a0nvTmZJG/WkRNnUl/AXjRx1s4PqcCQbCjSK9zI9KCmrtgbFYqq\r\nbcoBRWt2CxP3PN45hiuplcF0jFNClzHxr6lGgoepnp5AyZ7W2Thm30q7YqEwg5xYek6kaZWHfEhn\r\nr9YIvvKFlvLKogzrDPUb0X4UDpEkBLxndNgfIJIhh2CCHaNKsPzz7TAcIyH454/htVSDvYFNDgGv\r\nFw339PxoavNXxLuH1vxVSNtWC8GDaHlH/IrKvQwfmY1No/eRuU+OqOdnoU1yXuyscV6lFA18JwRF\r\n1o4awTsh+NwlFbrWrVXRpCPtosMvBsfg7eePcUyFrex7yHs6MXhicnxeIWr/kNMtF+hwgcQx+FgX\r\nK3bMrsRxnD2L+afkxfxcHrYCpAHx6blj+JhvVQPBo/CvYhLGSzDMSJ9ogp/puaQCmQ989vkawTtq\r\nCrucyoDz41cqFWXi1kjSjEzCtnBsL5o32J/9NIWIeQOMx0gz4BePwqmc5OtPpgqBNJ48JZNPw/ed\r\nNAJpG37OXwwywSN6hw229JnS7bvEx5zhPIq3t6xvsg4mKfhLfMd5BJ9dUyP4yhcKXDQIMHADxUnp\r\nNq47Fh5BLgHe8Mg/Sh8SeGFXEjFzvnyVkNyznG+3XHOsXDq0gUm+V2pngM9WUfTekv2HcB5yT6Q1\r\n93VyASB5+MoHleDh4y62942GjyPNQLoGLxwvo3jo4J8TaLv7I8ltQ2sEX+nKTR1cFmmdL5UlouWa\r\nXAZ0uSi+ulQoQu79BLknzJDvum6V0F4/XsGBcgyVQTSV/ZawmPpxNJWLkYuANzwaG4NI8Jz7XiT0\r\nWTrVRXvvVYJrynU3h/cUWhXkF0i+OJ4ec1SN4LXk4CHhWiFMg0zzzg/H/pWw2Po0lQHnu+8UEuhs\r\n8gh8rluEssl55XfR+XuF91WKPACf59KgETx05LKgJHQHaURPIvRFLtJewjWt1YrmfhdKvWiuF2rh\r\nT68RfKUvw/ykksQZHXW41M0R81bJI2B7yTuG1yXX2hlpOGSwmalIszglTn4prBlYTLuTRxh4jPbk\r\n6+wUFH83wuZ4sLmpmKQkSM28CdULeQDs1vmcrwSI4BGQ/FTg7JiHDFKf+6t9K46pR39vr5JG8GcL\r\nGyhm1QheXQfPb/bLhXnC75PHgK5XGMVPGcQp8jui3HtHndfD3pFKukhyrYNZGHDz0URR0JDKnUEe\r\nAqZngSL4qPU35/Usa7Zyjh2NTlF7uRsdrhA9OCf4tvxxwu3hM2QW8LKfwQ/ITC8Xm7Mt1dnJCt26\r\n4G3+GmSF5DFwTgwpkGjzS6tn6uYKCqudiIrJSxR2GxnHBN9RN2sQgr/Ducgh9zZG9pGHQBQfFLtg\r\nNO7xbnOTY4KPjDyCBIDKhRVjLQKhhPvFVjQ7cbGmV1LgaUpu3Id2LcA//0anv6um1OaDS8m4ULGX\r\nyA8NetNfLeis3VjqhSTUvt9ABiB8IWGVrEOArAWqrGtMBVRBIHioygT36AtOgx1WlyVg9eGybxTS\r\nsX9nl8mJ2CEIv7j8EkkUj/QO7WLgCL7dYa1ia6loqzvR8FVxTtsQ0CUruWY4+dEOwNg7NBMJ8u9h\r\nMgQ+91hJExbsEIrJEIMkcMBONAgEjzSJQNJbUdCwIXLcXnz8S53Uo6RSTfjndEbtr5EqmKinCWVa\r\nj9EuBOiVmeC7HRbDXqUSQB7deSEo9DZpgrzL1X5Xh/QMrpGSpib4y5Ah4KXEhJ13et3FXCbZ0yku\r\nkCi/K5jFoLPYmvMzwcsVX9agNQ00EvLu9TbXveSj9suZWOgCdLbrTDuMkupwC1a41Q9EToLf0581\r\nFliRh7vXB1OmFghu3st0FFiZXJ8gw+DrWC7Q64+jHQBHR4nXDBkE25Qs9zvBQ+roPIIfNYp2AJr0\r\nMC8VUl93o3X7o3TMugfDSBBAuROZtmbfFzbxTN918u+9F+ocTs5kPUdA8NeRYaCgJKgb/Jp2AJP1\r\nuYJ89i1kGEzWtwteTOcUUaakBEZ/Rr9/Pv/tfid4iVled2z0gbQdSIFuNwjLuEns2AmjpgV7bc+K\r\nh4KVaZw1sDtVP1BkekTwAmwchChvE+QKf0KmINcYY/2hiOzwCkH+/RdkFii0XifoaL2sSIrm94IC\r\nq9HvHy8Y30fw0dBKp/cn/Nz5vm6GvNL1GcjR0OOZmHUy1D7kFSItvZZY592Sv4KqHJHkhr3gs+20\r\nwBpJpvegEoBnu8iG1zAycfsswc7jviIEP01A8JeQYYCsBdd9zc5kmf2jQJ48wXCQMzUAEfwqgYpm\r\njZukvn2oziw0NhorIGKSjNTwqNolk9GW3vN1jzbkaPwvAm9qox3Ect96a34RRUpSEAlfRGaB654i\r\nIPhf7uxBk79LYPQ33jDBT/G/iib0oo9G8D2TjofPhqGgb0hMuG6hakTB7e+fAt/8a8uYId3pPBIO\r\nG5emwitecKPfVSQSvlpAlFPJJOTXfWURspwnaHI6iwwCzqgBUNE8a5bUMZvBuj0TbQiRnzB69sAw\r\njsbXyaL47EA0ten46lTP5JslvxN0CeueE5mJ2WYJTu5d/9sikfDFgq7QmT7Iwc8REPyFO+fg83Mc\r\n7wpbcpMNR/A3+F9FY7cbGjr/BjTyG084YW/yK6D6kEbxMEBCzpmqCGhSQupKEL2vLqdXZmlUSpCD\r\n/x0ZBkaYCa47STugf0n9BKdEiVmrPojgFzq9bgw0KSI5vEpQ75prmB/m+53gITn0jtTRxRp6EF2t\r\nAvsQb1Fwt8tnhCQPYrsbxLaLSyPxIF5NZYB0i6ACv9J8isZ+TlBknVQkgg87J8ohb5JhwMlS8GKy\r\nikTDZwqer2VkEAhcAtDJ2uZBGqYTkuXuSPggChjgj/EzFfdETGinKkBjqu9Q3kZvEqSrPorckB9O\r\nZdCVCI+WNEV0Nh5rTJaKwQMYNOLYXuHEUQ1FzLv2krgzDjwxzFhzXd+yLxwiuWbYDRch+GMFzYW9\r\nsAkmA4CQAqnYAOTgJ7moXV/GQ2wmwKo7uGmJ5LZ6bsl/XUrwuAl4UtRpFGCgHqEwRu2eSocBQHMr\r\nUdIESUGDF0KplxJHtu9I8tkG0zOTBXbB/yn9nGU/FGjhv00GINhxGCF4zFJ1wRfmNzAxqx5TrZb8\r\nOJUoHppxFCcpgIDnBjd0PKQwou9YqhBwsROkOx4mQ+DW7Uc0DisAwd8niIiNpangfimQdt41iHnd\r\nk4J7zIhdBZ6JIBA8XFr1DNqwXoIvTDoyYo8qbc3P/kmV5Nlv4xQKEGCfzBH4A9LPjIfAoeRwtoAw\r\nBwTe1crINIWOxrl1OvWxedh5wlmnNnkK+exY2BToNPpDCtBrD6jIzN6D0Ljnf4Iv2BUIUzBbuCnp\r\nbn4ujxf4wgQLyLlxquUDRZL/GDNJfV94LYxPWyT+rBhG3po9mhwA1XfJjQilgPfRe+gBmVWwFaES\r\nQD5dSJqLvG2FoM/xy2ipwP1ygGsNw/UP3Ml7qqaCeidQE51i1sXS2acmHFpN6l6jhcKKysrNOym5\r\nbTfyKeJtfYfxdvklxc95EzkE/Cj4plorJk6PkImGY1K1AT5jGV35U7JRePWe7Q772+smCl9Ey8o2\r\n0bXmX5METvG2/EjyAInpm47EriFIBJ9JjDwAEkaJAdgHJ4V28+65sr63fej+USa715I6ZpMygf4b\r\n1sTkM6AgDLsFlc+GcWbYAZAAcFqUutFhAAG5jPfj9pfkXh3W9VQGcJUUkmd64HHan1zGwLJhB/G5\r\nuiXX2N9RN4nKIDojf7nwvnsFQZPbfSCCOoFxggdg6iUcjTeH3Ad274fx6tkeCPXBUhvBEHmNZHLb\r\n5znN8rAeks/2Y2B3c7J7T+MyyGRuXxSsNHwuSEMTJAQMiMRjv6J2h4NRXqJBwvwCWiJtAulsDB9a\r\nlkAX0+48RLsHhChYT29bSK6RHK5NOFYQ6ZkMrq2SVCjkj8K+k/vxfBoY0+d7godjo7TAip91PWiK\r\n2a8WObeZaB7RaaGjU0s034XcvAlNL+yN4alR0LirLbywSAB93XehB99oPkL77xHHxLFxDrfrBEyI\r\n00GKksUvh8UgUjfInSP3DpxDWAi+1kED0WyFwv6tIHkXdrYX4fhBJXh0lnKxdLXw/s1lErZFLgDW\r\nxKXUc0aj+bEt+f1jqdx/dZE8Foq4aNnGfEoP6gn7QbXAxJ7Wdf187R2QVZIiMHsREa9KA4bOwQE4\r\nFm8fn1TQDm91EolsW057YxwfiFG02uueHWgfdoDOtIw0csdCSgfNTY52k6l8VsGye4EumxDUBQSW\r\nJQYI3lnfhkCttoGbmsaSFKXnML9Z4pzmo3l0dyLfrI/kC9IvSAzRTAHvdZ1KIM5x/oiHKywsLfOS\r\n1xRwfI0a85sUp6+vTSes8SpVefwsjsFRRJdSx1/cnqtiwytNifQ/UXcmFC8qahnOm/+QCXq97Drk\r\ntsZ8T/1c8X58nVM931QN4grp2OATPO5nWPaqjNODwZ9qNI3dBBQ6nFLtLXNO89F8ZMbGIzD8t/wX\r\nLM/Tw0sdznVsmzCRiXkEOkvLRR0g2/iMXpvTL+dA0cI3+6qCAkjvwk4GWmTdNgBFFDWyaD5hx50Q\r\nPf4tfgY/q6Hz7z18FnIGWBcM5XF4q0CQims5z3ttwkPl5AFkn5tm3gmsUD0/dhMYDC7pwdCg5MKa\r\nD/ml04E2/NxcI0hb+pjgC52tBXsN2dqeUjkJ94lAJXeqBo/6FZgR623jQyr/quiLl0co3ZCUgbiZ\r\n/J9m4n+eUyQv8xCENbIilZzcI219h7g0Dq9ZY5v1W1CxpBP2uHTEHv7/hI8/dzaO2TcdDTfxv5lZ\r\natsoacL6H3vnGiJVGcbxl2zFLxFZdDX9ZBJWpOuuIsHu7I76QYqKKMSoIOiCmZHQh6DWnNn1Umgo\r\nhhYh5QdLsqyo1NjN0A8VfRLTFLIIddUVL3NZb7j2/NiNEbXY886ZOefM/n/wMrO7hzMH9j3PPOe5\r\n/B9q+50nZzvrxpsnfro8I1uSCLDXpQy8tnj6zZd69rzndxh1jrFj94fxmXbtvWe2Dr/beYJhpkEw\r\npPDnL4jeIeNNDu3y6hhKg9GXp9DAHKHeAOdOlIEHhMFCGre3n8Y97lPCmJc7UfxMiSZJWp7I7Yvh\r\noOdnRa8ii8dsRreLf+QQWcTc96UyvWOiHWrtP4jAVjebrvSoGO7i2p0HHt2tPnHxokkjHGDxvkKf\r\n8Uz5Yn+5Fyu0f08QXrXV7VHXnmgDj3xBKacU3uI+olwZLXhKibnHwv4Mu+5f8d4jEyZjmtNQMO54\r\nRL7J4OCbseGbqMeN+WjkhBUrNGO5CoOZqPV93bvhTRDLvx/BHq9ZAw88xWKME3RPEe48cKxlyh0u\r\naqwOfLb9Q/O1atxRiKxmJy7ddOYdbE/MZmxp2BFmByDxeEu6bkyIcSepuoG4e5iaSFZ08LUMfHgG\r\nHqhWYwB2Moz7pOPd0ybdEyv9dAthbK8lw048lEHDUWjp0KXKgI8kGHeSqi5kzGAONyO/KQHG/XOu\r\ntRKS1dZ78p0MfHgGHpiVWuogje3qsdzYhFiOuDODOKdU05votStqaQWmsds/+osYG/dNldTuwJO3\r\nROgHsTXwW+tWc42uQtAImMoU1svAh2fgAc+Yaq943lf1f5pGzTgXZ9JLirdbhn5tMjdm7jT6O+QX\r\nXAwgrk3ysiTVG/3iWqhMoGysGkqO1Mhb8vV8XAy7Xcs5hoZzbdWQCrF7aUHU+Seb7/B0rRh4ODpj\r\n4m08fcbJuCMLQqerSwoo3tFklKBY+6eUQLoY0tPSmCLpEvUmpFoAdckI9NgbrJxxb/QGftiec111\r\n9VEM4UHio+r3RDb/ExVzzHaoJQMPjN4zR6W91EUewSp1fr+BM+eSSFO2OAlhJJqYYhhnv2CvnwVp\r\nDolyJip1uHTYRbEJj7Q0LOuZOvU6Fw2EbEagW2PliGci8NpPW6XMAq4hMoep49SN1XwyZoj+v8UF\r\nyTDw/nH50jD56i7ybNaPgu1JPunFvaMJf5Q6YaNbaNIg8kTDh0sYxOhsc6zz6NDzUoVkys3R9OSx\r\nLib0dY4YQ2y+GmGb/s8YtqZv84g7XUxo7ihOtr37QwWbCg/TRe4AvAx87nxSDDwQbjRjO8vuqb1V\r\nCnP+fjTd8HhNTo4irpjO5B4wY7/CS8DMf/UwfMQed2dSiuYSzqHUhDGM/aOBqQLJHvRo3kby18UU\r\nRMHMq263ePjBsA07DVF27ixTp1xM4R7i6RNjGmK3+Jt0vl6lAevRgE/GxTgYeL8hPI0PW/fo5rDz\r\nXpwPiW/On8BwjH9jR2rhqXHIk1Jvbjo0f4QpK0Bc3er0X23KFu6vnHZ29InYgalLK20D7SxDsGyP\r\nbewV6NLQcOUSAjXo5tE302xk0gS/+VfFDNtlr8vMuDd51LVHO9uA6rVsbgtFAgGF/nqpuaeX5f80\r\nn1KZ/KyAMtrdLuEgO8D4v4HGw7xvt6tVwm2x+2resabGUU7068/zGDqwqV7H00czw7yCb+21k3p7\r\nHlH7N3R+E3FJO2aZvZ9vG/WJ1KJiPedwQ5ST06eMxEijYIeHjzY7naaWpe+y321jw9nP620tt034\r\nMvoxDCFwNULfZjfSjHWrJWbnmtFfbh7+J+jG2/sfWbw3I76ev3EMxyJZ7JJNqbs8W2xMZYvPIdiH\r\n00Q9PbIiyFvj8Vt4ciXzGHgCMLnrQeUU7JwvBCxY2FNrTtTh1on39rQ2zDZj3Wb30YcD91QnTYkI\r\n9dnPX9mT71q73zJHWhufQuiMRK4TQog4Y17+WwHDPV1OCCFE/KGiJlAFTqawzgkhhIg/SHMHi8EX\r\n2pwQQoh4w0AQ+kUCefCUWQohhBjMnNR8itmrqYX58a7KYKyDVrClF54a64QQQvxXY+Dx6824zqUi\r\n5VLpaldlqFQLWk/vUGAVQghxhUG9z6pWVltPSOHq8e1io6sSaDMFlRhhgL4TQghxiTQwfR+Zwo5B\r\naMTs5HhXBej8Dt5kWHzeCSHEUAcBMfN429FGCmhIV1VDCiF493iuD7lwJ4QQQ52mttxNyAt4Svm+\r\n4ioE84e9RAEzhW1OCCFEP0hx+Gsu5eeFbtwXnbyBIR8+14OmjRNCCNFP09LCrSRU/YdyFN5DU8aF\r\nAMJ/FuPf7TkN7RC5ASeEEKIEonplDufYbd5zs/OELwg7z2vI/JbxNDHfCSGEuFIFsiQHUNbqtDLK\r\nR/CkB5nkvQtZAeR9y/uCyf2N3LATQghxJYyNNA/6bDjDO/IF5LStQmcJsxaIjZuH/STvLTmbsWM2\r\nhDtsJ/eYE0II4aG7HuOFhII6V4UQYhC6MyRNk2Pgc39Nbzs50gkhhBhUwvNaM/Ib427cCQO1LipM\r\ncEIIIYIlXdF0ia9xz52xmP40J4QQwtOTb8+viaXnnsmnnRBCiHJj8vmXTOPlXByMO5U3VPs4IYQQ\r\nYZVQFutLHabRLLTome7khBBChC8pTMert6yBf5fsvuZsYaYTQghRcY32W1KZwjtmfPMV9tiZJPVs\r\n/ZqLdU4IIUR1R/qZsZ/T3J7/OUTDfsI6YD+2c7a2tV28xgkhhIiWpsXFUXjb1nj0kb3uGkxS1mQR\r\nLpA0tSTul4R+GPAhb10IIRJQYple3Du6uaM42eLnM1IdxYdMBuHBVEdhOr9j1qqkfYUQQgjxT3tw\r\nQAIAAAAg6P/rdgQqAAAAAAAAAABMBOJQ6SEPUEbKAAAAAElFTkSuQmCC\r\n--047d7b15fa29f64fc5051f1b6e99--\r\n'
'Message #%d'
'(#4) Attributes: %s'
{ date: Mon Sep 07 2015 00:12:50 GMT+0200 (CEST),
  flags: [ '\\Seen' ],
  uid: 4,
  modseq: '1225',
  'x-gm-labels': [],
  'x-gm-msgid': '1511603642793879367',
  'x-gm-thrid': '1511603642793879367' }
'(#4) Finished'
'(#5) Body'
'Delivered-To: tonyravioli.dino@gmail.com\r\nReceived: by 10.25.27.19 with SMTP id b19csp1014026lfb;\r\n        Sun, 6 Sep 2015 15:18:44 -0700 (PDT)\r\nX-Received: by 10.60.133.45 with SMTP id oz13mr12807969oeb.53.1441577924199;\r\n        Sun, 06 Sep 2015 15:18:44 -0700 (PDT)\r\nReturn-Path: <3w7vsVQgTAKIPQ-TGRNaCEEQWPVU.IQQING.EQO@gaia.bounces.google.com>\r\nReceived: from mail-ob0-x246.google.com (mail-ob0-x246.google.com. [2607:f8b0:4003:c01::246])\r\n        by mx.google.com with ESMTPS id f7si3333746oer.58.2015.09.06.15.18.43\r\n        for <tonyravioli.dino@gmail.com>\r\n        (version=TLSv1.2 cipher=ECDHE-RSA-AES128-GCM-SHA256 bits=128/128);\r\n        Sun, 06 Sep 2015 15:18:44 -0700 (PDT)\r\nReceived-SPF: pass (google.com: domain of 3w7vsVQgTAKIPQ-TGRNaCEEQWPVU.IQQING.EQO@gaia.bounces.google.com designates 2607:f8b0:4003:c01::246 as permitted sender) client-ip=2607:f8b0:4003:c01::246;\r\nAuthentication-Results: mx.google.com;\r\n       spf=pass (google.com: domain of 3w7vsVQgTAKIPQ-TGRNaCEEQWPVU.IQQING.EQO@gaia.bounces.google.com designates 2607:f8b0:4003:c01::246 as permitted sender) smtp.mailfrom=3w7vsVQgTAKIPQ-TGRNaCEEQWPVU.IQQING.EQO@gaia.bounces.google.com;\r\n       dkim=pass header.i=@accounts.google.com;\r\n       dmarc=pass (p=REJECT dis=NONE) header.from=accounts.google.com\r\nReceived: by mail-ob0-x246.google.com with SMTP id hk5so68827668obb.2\r\n        for <tonyravioli.dino@gmail.com>; Sun, 06 Sep 2015 15:18:43 -0700 (PDT)\r\nDKIM-Signature: v=1; a=rsa-sha256; c=relaxed/relaxed;\r\n        d=accounts.google.com; s=20120806;\r\n        h=mime-version:feedback-id:date:message-id:subject:from:to\r\n         :content-type;\r\n        bh=o6yk/imuTt/rM93GMJJ7X59Cfw+fuCzjUORbGoNMFpQ=;\r\n        b=VU7Y2R2j6/PMf3c5Qu74jF9DcQreH+nmBaO0JS6Ji7og9PgY5rlGrdMp65DEjHbwvx\r\n         cVO0s4EfUTDVyzxMW6P3PGAk1xZAVlp3Zsd9oSqStoYYKzRLAJE/NuMJlFESGSzDB0Dz\r\n         6yvFzzOposZbbvP7n5CHHrr7PZShoiMCEaUDZhczhjct9gLVW3t/XmRSOFz7ROaZXFSK\r\n         ATv05dYTIpVUfGo4uks4cTqAiU25ANRYPe/nsETdOpx4YdTgIsKfj9Ey8Jzyf/zztZ6F\r\n         x4j3uXEu9FWoRjcBub0+VlcOQcxAHweexbIxpVo3eSIcdzQ/nak9Gsuf0oqxI3ODitER\r\n         xknQ==\r\nMIME-Version: 1.0\r\nX-Received: by 10.182.97.134 with SMTP id ea6mr15113959obb.10.1441577923204;\r\n Sun, 06 Sep 2015 15:18:43 -0700 (PDT)\r\nX-Notifications: XEAAAANzfzfr_lP0XQRa7aJAF3Rs\r\nX-Account-Notification-Type: GPS_UNSAFE_APP_LOGINS_USER_ENABLED\r\nFeedback-ID: GPS_UNSAFE_APP_LOGINS_USER_ENABLED:account-notifier\r\nDate: Sun, 6 Sep 2015 22:18:35 +0000 (UTC)\r\nMessage-ID: <2-MBK6lTAclGI3USUqUwFQ@notifications.google.com>\r\nSubject: =?ISO-8859-1?Q?Acc=E8s_activ=E9_pour_les_applications_moins_s=E9curis?=\r\n\t=?ISO-8859-1?Q?=E9es?=\r\nFrom: Google <no-reply@accounts.google.com>\r\nTo: tonyravioli.dino@gmail.com\r\nContent-Type: multipart/related; boundary=047d7b2e4eea075673051f1b849e\r\n\r\n--047d7b2e4eea075673051f1b849e\r\nContent-Type: multipart/alternative; boundary=047d7b2e4eea075670051f1b849d\r\n\r\n--047d7b2e4eea075670051f1b849d\r\nContent-Type: text/plain; charset=ISO-8859-1; format=flowed; delsp=yes\r\nContent-Transfer-Encoding: base64\r\n\r\nQWNj6HMgYWN0aXbpIHBvdXIgbGVzIGFwcGxpY2F0aW9ucyBtb2lucyBz6WN1cmlz6WVzQm9uam91\r\nciBUb255LFZvdXMgYXZleg0KculjZW1tZW50IG1vZGlmaekgdm9zIHBhcmFt6HRyZXMgZGUgc+lj\r\ndXJpdOkuIETpc29ybWFpcywgdm90cmUgY29tcHRlDQpHb29nbGUgdG9ueXJhdmlvbGkuZGlub0Bn\r\nbWFpbC5jb20gbidlc3QgcGx1cyBwcm906WfpIHBhciBsZXMgbm9ybWVzIGRlDQpz6WN1cml06SBs\r\nZXMgcGx1cyBy6WNlbnRlcy4NCg0KU2FjaGV6IHF1J2lsIGVzdCBtYWludGVuYW50IHBsdXMgZmFj\r\naWxlIGQnYWNj6WRlciBkZSBtYW5p6HJlIGZyYXVkdWxldXNlIOANCnZvdHJlIGNvbXB0ZS4gVm91\r\ncyBwb3V2ZXogZGUgbm91dmVhdSBz6WN1cmlzZXIgdm90cmUgY29tcHRlIGVuIGFubnVsYW50DQpj\r\nZXR0ZSBtb2RpZmljYXRpb24gc3VyIGNldHRlIHBhZ2UNCjxodHRwczovL3d3dy5nb29nbGUuY29t\r\nL3NldHRpbmdzL3NlY3VyaXR5L2xlc3NzZWN1cmVhcHBzPiBldCBlbiB1dGlsaXNhbnQNCmRlcyBh\r\ncHBsaWNhdGlvbnMgR29vZ2xlIHRlbGxlcyBxdWUgR21haWwgcG91ciBhY2PpZGVyIOAgdm90cmUg\r\nY29tcHRlLg0KDQoqUmVjb25uYWlzc2V6LXZvdXMgY2V0dGUgYWN0aXZpdOkgPyoNCkV4YW1pbmV6\r\nIGTocyBtYWludGVuYW50IHZvcyBhcHBhcmVpbHMgculjZW1tZW50IHV0aWxpc+lzDQo8aHR0cHM6\r\nLy9hY2NvdW50cy5nb29nbGUuY29tL0FjY291bnRDaG9vc2VyP0VtYWlsPXRvbnlyYXZpb2xpLmRp\r\nbm9AZ21haWwuY29tJmNvbnRpbnVlPWh0dHBzOi8vc2VjdXJpdHkuZ29vZ2xlLmNvbS9zZXR0aW5n\r\ncy9zZWN1cml0eS9hY3Rpdml0eT9yZm4lM0QyOD4NCi5Db3JkaWFsZW1lbnQsDQpMJ+lxdWlwZSBk\r\nZXMgY29tcHRlcyBHb29nbGVDZXR0ZSBhZHJlc3NlIGUtbWFpbCBuZSBwZXV0IHBhcyByZWNldm9p\r\nciBkZQ0Kculwb25zZXMuIFBvdXIgZW4gc2F2b2lyIHBsdXMsIGNvbnN1bHRleiBsZSBDZW50cmUg\r\nZCdhaWRlIGRlcyBjb21wdGVzIEdvb2dsZQ0KPGh0dHBzOi8vc3VwcG9ydC5nb29nbGUuY29tL2Fj\r\nY291bnRzL2Fuc3dlci82MDEwMjU1Pi5DZXR0ZSBub3RpZmljYXRpb24NCnZvdXMgYSDpdOkgZW52\r\nb3npZSBwYXIgZS1tYWlsIGFmaW4gZGUgdm91cyBpbmZvcm1lciBkZSBtb2RpZmljYXRpb25zDQpp\r\nbXBvcnRhbnRlcyBhcHBvcnTpZXMg4CB2b3RyZSBwcm9kdWl0IG91IOAgdm90cmUgY29tcHRlIEdv\r\nb2dsZS4NCqkgMjAxNSBHb29nbGUgSW5jLiwgMTYwMCBBbXBoaXRoZWF0cmUgUGFya3dheSwgTW91\r\nbnRhaW4gVmlldywgQ0EgOTQwNDMsIFVTQQ0K\r\n--047d7b2e4eea075670051f1b849d\r\nContent-Type: text/html; charset=ISO-8859-1\r\nContent-Transfer-Encoding: quoted-printable\r\n\r\n<html lang=3D"fr"><head><meta name=3D"format-detection" content=3D"date=3Dn=\r\no"><meta name=3D"format-detection" content=3D"email=3Dno"></head><body styl=\r\ne=3D"margin: 0; padding: 0;" bgcolor=3D"#FFFFFF"><table width=3D"100%" heig=\r\nht=3D"100%" style=3D"min-width: 348px;" border=3D"0" cellspacing=3D"0" cell=\r\npadding=3D"0"><tr height=3D"32px"></tr><tr align=3D"center"><td width=3D"32=\r\npx"></td><td><table border=3D"0" cellspacing=3D"0" cellpadding=3D"0" style=\r\n=3D"max-width: 600px;"><tr><td><table width=3D"100%" border=3D"0" cellspaci=\r\nng=3D"0" cellpadding=3D"0"><tr><td align=3D"left"><img width=3D"92px" heigh=\r\nt=3D"32px" src=3D"cid:google_logo" style=3D"display: block;"></td><td align=\r\n=3D"right"><img width=3D"32px" height=3D"32px" style=3D"display: block;" sr=\r\nc=3D"cid:wrench"></td></tr></table></td></tr><tr height=3D"16"></tr><tr><td=\r\n><table bgcolor=3D"#E6E6E6" width=3D"100%" border=3D"0" cellspacing=3D"0" c=\r\nellpadding=3D"0" style=3D"min-width: 332px; max-width: 600px; border: 1px s=\r\nolid #E0E0E0; border-bottom: 0; border-top-left-radius: 3px; border-top-rig=\r\nht-radius: 3px;"><tr><td height=3D"72px" colspan=3D"3"></td></tr><tr><td wi=\r\ndth=3D"32px"></td><td style=3D"font-family: Roboto-Regular,Helvetica,Arial,=\r\nsans-serif; font-size: 24px; color: #000000; line-height: 1.25;">Acc=E8s ac=\r\ntiv=E9 pour les applications moins s=E9curis=E9es</td><td width=3D"32px"></=\r\ntd></tr><tr><td height=3D"18px" colspan=3D"3"></td></tr></table></td></tr><=\r\ntr><td><table bgcolor=3D"#FAFAFA" width=3D"100%" border=3D"0" cellspacing=\r\n=3D"0" cellpadding=3D"0" style=3D"min-width: 332px; max-width: 600px; borde=\r\nr: 1px solid #F0F0F0; border-bottom: 1px solid #C0C0C0; border-top: 0; bord=\r\ner-bottom-left-radius: 3px; border-bottom-right-radius: 3px;"><tr height=3D=\r\n"16px"><td width=3D"32px" rowspan=3D"3"></td><td></td><td width=3D"32px" ro=\r\nwspan=3D"3"></td></tr><tr><td><table style=3D"min-width: 300px;" border=3D"=\r\n0" cellspacing=3D"0" cellpadding=3D"0"><tr><td style=3D"font-family: Roboto=\r\n-Regular,Helvetica,Arial,sans-serif; font-size: 13px; color: #202020; line-=\r\nheight: 1.5;">Bonjour Tony,</td></tr><tr><td style=3D"font-family: Roboto-R=\r\negular,Helvetica,Arial,sans-serif; font-size: 13px; color: #202020; line-he=\r\night: 1.5;">Vous avez r=E9cemment modifi=E9 vos param=E8tres de s=E9curit=\r\n=E9. D=E9sormais, votre compte Google tonyravioli.dino@gmail.com n\'est plus=\r\n prot=E9g=E9 par les normes de s=E9curit=E9 les plus r=E9centes.<br><br>Sac=\r\nhez qu\'il est maintenant plus facile d\'acc=E9der de mani=E8re frauduleuse =\r\n=E0 votre compte. Vous pouvez de nouveau s=E9curiser votre compte en annula=\r\nnt cette modification sur <a href=3D"https://www.google.com/settings/securi=\r\nty/lesssecureapps" style=3D"text-decoration: none; color: #4285F4;" target=\r\n=3D"_blank">cette page</a> et en utilisant des applications Google telles q=\r\nue Gmail pour acc=E9der =E0 votre compte.<br><br><b>Reconnaissez-vous cette=\r\n activit=E9=A0?</b><br>Examinez d=E8s maintenant vos <a href=3D"https://acc=\r\nounts.google.com/AccountChooser?Email=3Dtonyravioli.dino@gmail.com&amp;cont=\r\ninue=3Dhttps://security.google.com/settings/security/activity?rfn%3D28" sty=\r\nle=3D"text-decoration: none; color: #4285F4;" target=3D"_blank">appareils r=\r\n=E9cemment utilis=E9s</a>.</td></tr><tr height=3D"32px"></tr><tr><td style=\r\n=3D"font-family: Roboto-Regular,Helvetica,Arial,sans-serif; font-size: 13px=\r\n; color: #202020; line-height: 1.5;">Cordialement,<br>L\'=E9quipe des compte=\r\ns Google</td></tr><tr height=3D"16px"></tr><tr><td><table style=3D"font-fam=\r\nily: Roboto-Regular,Helvetica,Arial,sans-serif; font-size: 12px; color: #B9=\r\nB9B9; line-height: 1.5;">Cette adresse e-mail ne peut pas recevoir de r=E9p=\r\nonses. Pour en savoir plus, consultez le <a href=3D"https://support.google.=\r\ncom/accounts/answer/6010255" style=3D"text-decoration: none; color: #4285F4=\r\n;" target=3D"_blank">Centre d\'aide des comptes Google</a>.</td><tr></table>=\r\n</td></tr></table></td></tr><tr height=3D"32px"></tr></table></td></tr><tr =\r\nheight=3D"16"></tr><tr><td style=3D"max-width: 600px; font-family: Roboto-R=\r\negular,Helvetica,Arial,sans-serif; font-size: 10px; color: #BCBCBC; line-he=\r\night: 1.5;"><tr><td><table style=3D"font-family: Roboto-Regular,Helvetica,A=\r\nrial,sans-serif; font-size: 10px; color: #666666; line-height: 18px; paddin=\r\ng-bottom: 10px"><tr><td>Cette notification vous a =E9t=E9 envoy=E9e par e-m=\r\nail afin de vous informer de modifications importantes apport=E9es =E0 votr=\r\ne produit ou =E0 votre compte Google.</td></tr><tr><td><div style=3D"direct=\r\nion: ltr; text-align: left">&copy; 2015 Google Inc., 1600 Amphitheatre Park=\r\nway, Mountain View, CA 94043, USA</div></td></tr></table></td></tr></td></t=\r\nr></table></td><td width=3D"32px"></td></tr><tr height=3D"32px"></tr></tabl=\r\ne></body></html>\r\n--047d7b2e4eea075670051f1b849d--\r\n--047d7b2e4eea075673051f1b849e\r\nContent-Type: image/png; name="wrench.png"\r\nContent-Disposition: INLINE\r\nContent-Transfer-Encoding: base64\r\nContent-ID: <wrench>\r\n\r\niVBORw0KGgoAAAANSUhEUgAAAEAAAABACAYAAACqaXHeAAAKQWlDQ1BJQ0MgUHJvZmlsZQAASA2d\r\nlndUU9kWh8+9N73QEiIgJfQaegkg0jtIFQRRiUmAUAKGhCZ2RAVGFBEpVmRUwAFHhyJjRRQLg4Ji\r\n1wnyEFDGwVFEReXdjGsJ7601896a/cdZ39nnt9fZZ+9917oAUPyCBMJ0WAGANKFYFO7rwVwSE8vE\r\n9wIYEAEOWAHA4WZmBEf4RALU/L09mZmoSMaz9u4ugGS72yy/UCZz1v9/kSI3QyQGAApF1TY8fiYX\r\n5QKUU7PFGTL/BMr0lSkyhjEyFqEJoqwi48SvbPan5iu7yZiXJuShGlnOGbw0noy7UN6aJeGjjASh\r\nXJgl4GejfAdlvVRJmgDl9yjT0/icTAAwFJlfzOcmoWyJMkUUGe6J8gIACJTEObxyDov5OWieAHim\r\nZ+SKBIlJYqYR15hp5ejIZvrxs1P5YjErlMNN4Yh4TM/0tAyOMBeAr2+WRQElWW2ZaJHtrRzt7VnW\r\n5mj5v9nfHn5T/T3IevtV8Sbsz55BjJ5Z32zsrC+9FgD2JFqbHbO+lVUAtG0GQOXhrE/vIADyBQC0\r\n3pzzHoZsXpLE4gwnC4vs7GxzAZ9rLivoN/ufgm/Kv4Y595nL7vtWO6YXP4EjSRUzZUXlpqemS0TM\r\nzAwOl89k/fcQ/+PAOWnNycMsnJ/AF/GF6FVR6JQJhIlou4U8gViQLmQKhH/V4X8YNicHGX6daxRo\r\ndV8AfYU5ULhJB8hvPQBDIwMkbj96An3rWxAxCsi+vGitka9zjzJ6/uf6Hwtcim7hTEEiU+b2DI9k\r\nciWiLBmj34RswQISkAd0oAo0gS4wAixgDRyAM3AD3iAAhIBIEAOWAy5IAmlABLJBPtgACkEx2AF2\r\ng2pwANSBetAEToI2cAZcBFfADXALDIBHQAqGwUswAd6BaQiC8BAVokGqkBakD5lC1hAbWgh5Q0FQ\r\nOBQDxUOJkBCSQPnQJqgYKoOqoUNQPfQjdBq6CF2D+qAH0CA0Bv0BfYQRmALTYQ3YALaA2bA7HAhH\r\nwsvgRHgVnAcXwNvhSrgWPg63whfhG/AALIVfwpMIQMgIA9FGWAgb8URCkFgkAREha5EipAKpRZqQ\r\nDqQbuY1IkXHkAwaHoWGYGBbGGeOHWYzhYlZh1mJKMNWYY5hWTBfmNmYQM4H5gqVi1bGmWCesP3YJ\r\nNhGbjS3EVmCPYFuwl7ED2GHsOxwOx8AZ4hxwfrgYXDJuNa4Etw/XjLuA68MN4SbxeLwq3hTvgg/B\r\nc/BifCG+Cn8cfx7fjx/GvyeQCVoEa4IPIZYgJGwkVBAaCOcI/YQRwjRRgahPdCKGEHnEXGIpsY7Y\r\nQbxJHCZOkxRJhiQXUiQpmbSBVElqIl0mPSa9IZPJOmRHchhZQF5PriSfIF8lD5I/UJQoJhRPShxF\r\nQtlOOUq5QHlAeUOlUg2obtRYqpi6nVpPvUR9Sn0vR5Mzl/OX48mtk6uRa5Xrl3slT5TXl3eXXy6f\r\nJ18hf0r+pvy4AlHBQMFTgaOwVqFG4bTCPYVJRZqilWKIYppiiWKD4jXFUSW8koGStxJPqUDpsNIl\r\npSEaQtOledK4tE20Otpl2jAdRzek+9OT6cX0H+i99AllJWVb5SjlHOUa5bPKUgbCMGD4M1IZpYyT\r\njLuMj/M05rnP48/bNq9pXv+8KZX5Km4qfJUilWaVAZWPqkxVb9UU1Z2qbapP1DBqJmphatlq+9Uu\r\nq43Pp893ns+dXzT/5PyH6rC6iXq4+mr1w+o96pMamhq+GhkaVRqXNMY1GZpumsma5ZrnNMe0aFoL\r\ntQRa5VrntV4wlZnuzFRmJbOLOaGtru2nLdE+pN2rPa1jqLNYZ6NOs84TXZIuWzdBt1y3U3dCT0sv\r\nWC9fr1HvoT5Rn62fpL9Hv1t/ysDQINpgi0GbwaihiqG/YZ5ho+FjI6qRq9Eqo1qjO8Y4Y7ZxivE+\r\n41smsImdSZJJjclNU9jU3lRgus+0zwxr5mgmNKs1u8eisNxZWaxG1qA5wzzIfKN5m/krCz2LWIud\r\nFt0WXyztLFMt6ywfWSlZBVhttOqw+sPaxJprXWN9x4Zq42Ozzqbd5rWtqS3fdr/tfTuaXbDdFrtO\r\nu8/2DvYi+yb7MQc9h3iHvQ732HR2KLuEfdUR6+jhuM7xjOMHJ3snsdNJp9+dWc4pzg3OowsMF/AX\r\n1C0YctFx4bgccpEuZC6MX3hwodRV25XjWuv6zE3Xjed2xG3E3dg92f24+ysPSw+RR4vHlKeT5xrP\r\nC16Il69XkVevt5L3Yu9q76c+Oj6JPo0+E752vqt9L/hh/QL9dvrd89fw5/rX+08EOASsCegKpARG\r\nBFYHPgsyCRIFdQTDwQHBu4IfL9JfJFzUFgJC/EN2hTwJNQxdFfpzGC4sNKwm7Hm4VXh+eHcELWJF\r\nREPEu0iPyNLIR4uNFksWd0bJR8VF1UdNRXtFl0VLl1gsWbPkRoxajCCmPRYfGxV7JHZyqffS3UuH\r\n4+ziCuPuLjNclrPs2nK15anLz66QX8FZcSoeGx8d3xD/iRPCqeVMrvRfuXflBNeTu4f7kufGK+eN\r\n8V34ZfyRBJeEsoTRRJfEXYljSa5JFUnjAk9BteB1sl/ygeSplJCUoykzqdGpzWmEtPi000IlYYqw\r\nK10zPSe9L8M0ozBDuspp1e5VE6JA0ZFMKHNZZruYjv5M9UiMJJslg1kLs2qy3mdHZZ/KUcwR5vTk\r\nmuRuyx3J88n7fjVmNXd1Z752/ob8wTXuaw6thdauXNu5Tnddwbrh9b7rj20gbUjZ8MtGy41lG99u\r\nit7UUaBRsL5gaLPv5sZCuUJR4b0tzlsObMVsFWzt3WazrWrblyJe0fViy+KK4k8l3JLr31l9V/nd\r\nzPaE7b2l9qX7d+B2CHfc3em681iZYlle2dCu4F2t5czyovK3u1fsvlZhW3FgD2mPZI+0MqiyvUqv\r\nakfVp+qk6oEaj5rmvep7t+2d2sfb17/fbX/TAY0DxQc+HhQcvH/I91BrrUFtxWHc4azDz+ui6rq/\r\nZ39ff0TtSPGRz0eFR6XHwo911TvU1zeoN5Q2wo2SxrHjccdv/eD1Q3sTq+lQM6O5+AQ4ITnx4sf4\r\nH++eDDzZeYp9qukn/Z/2ttBailqh1tzWibakNml7THvf6YDTnR3OHS0/m/989Iz2mZqzymdLz5HO\r\nFZybOZ93fvJCxoXxi4kXhzpXdD66tOTSna6wrt7LgZevXvG5cqnbvfv8VZerZ645XTt9nX297Yb9\r\njdYeu56WX+x+aem172296XCz/ZbjrY6+BX3n+l37L972un3ljv+dGwOLBvruLr57/17cPel93v3R\r\nB6kPXj/Mejj9aP1j7OOiJwpPKp6qP6391fjXZqm99Oyg12DPs4hnj4a4Qy//lfmvT8MFz6nPK0a0\r\nRupHrUfPjPmM3Xqx9MXwy4yX0+OFvyn+tveV0auffnf7vWdiycTwa9HrmT9K3qi+OfrW9m3nZOjk\r\n03dp76anit6rvj/2gf2h+2P0x5Hp7E/4T5WfjT93fAn88ngmbWbm3/eE8/syOll+AAAIaklEQVR4\r\nAeVbXUwUVxQ+sz/8LK4C5c+UytbaxaKpTSmxBEuK/DwpFRNfTJQVGpP2oelbfat9apqm0fSlSRMQ\r\nMPGFxIeWJgqUGgw20WhfLAESLRB+BPmTXwHZ6flmd3GX3ZnZ2Z2BVW6ymdl7zz1/e+855557ViCD\r\nW319fbrJZC02mcQDoki5TM7JnzT+2AVBsIO8KIpz/MBngj99gkC9brfwr9u92llTU/OU+wxrghGY\r\nGxoa8gXBfJoFKWf8B/kTKR2R5z5kxbWJ4to1l8t1X29+I2UsiI+6ujq71Wo9z7LW8GBeEIA+Hd28\r\nXupXV1d/ra2txYqJukWtgCtXriSbTKavBcH0FXOTEjVH4SGYFkX3z263+/K5c+dmwpsSGioaBQgN\r\nDVddgiD+wHs5PTR6Y3vZdjwVReEbl+tMA1PCdtHcIlJAU1PTHiZ8jfd4kWaKBkxgG9HFP8Tps2fP\r\nDmpFr1kBbOCKeMlf572eoZWYsfDiOG+Jk2wou7TQMWkBbmxsrDGZzB2xJzykEDLAG3jUIpM5HOBT\r\np06ZL1y48BMbuu8ZPqw54eA1AMbM9uizqqqqXRaLpb27u1vVLqgKA+GPHau8zohdBjBsEEqh0OnM\r\n/cBqtTSrKUF1Cxw/fvxHNnaVBnFqGFrwDN7VCCgaQewnXvZ1akhieZzjhdrq6up6OR5lFeCx9jB4\r\nFCc3+RXpX3G7147KeYeQCoCfZ+HuRWPtExLiyWZLIg6P6fnz57SwsEAvXrzYIp2J40y4IFScYAnB\r\nkeANcjT7eTaUdOjQ++RwvE12+44A1OyjaWxsnPr7++nRo0c4AQaMG/tFyGBy15jGJ/wJIBxkBD3h\r\nbWQRHoR69uwZJSXZguTh4Il2786iwsKPqbKykrKysoJgjOzg36YIsm2kEbAFPAcbM5/Ho4vtc3Jy\r\n6MiRIoLQcg0r4v79B9TT0yMHons/zg5sD5z+B6gADplhPtVFJzy4HhgYoM7O2wQh5RqUU1DwEe3d\r\nu1cORPd+yAYZ/RGvrwDPeT5ugAd1O9JmZ79JxcXFZDbLx1tra2vU0vIHzc7O+vNl5Pv06upKji+f\r\nsL4CPMmM8IWPi1P3jkNDw3Tr1i2CkHINysnP/1Bu2Ij+FK+sEu51BbDLq9FCDdY+Pz9fdcrIyCh1\r\ndPyl6AKzs7Npx45Ar6GKOCqAl7JKCkAOj/FpSmPl5DgoL+893scFqqwsLi4Sp7EU4fbseUtxXOfB\r\nPK/MJCkACUwtBBITEykxMUGasn9/Lh0+fFh2enLyLqqoqGD4RFkYDKSmvqE4rvegT2avAqTsbdg0\r\nkpKSAmCdznfZvxcG9OFLSkoKlZeXrysrCMCvw2ZTVpAfqC6vHBcgY00W5O35idR12I3dSRDsvn3v\r\nsN8X6M6dv6UoLzU1lcrKSik+Pj4INkY6DkJ2Cy4tmKFgiRS4XFpaCjkKnw7/3tvbRyUln1I4nsKH\r\naH5+wfe6WU8BsrMCxAMa5ZcONsvLyyF/XYfDQYgEQ60SJcmmp6eVhg0Zg+wmDt9xXaWpIeYfGhqS\r\nnaNVeOBD9LjZDbLDCDojIdzT06vbiU7NRUbCX5hznFAALio1t6mpKXr8+LHmeaEmwFZUVJTzKTLQ\r\nu4SC1bkvDQqQbmgjQXz37j2amtJn79rtdkkJmxsRkt3E+zViBSDD09HRwUqYikR/QXMgPFYClLEZ\r\nDbJLgVA0xOASb9y4SX19fYrH33BpYBtACTt37gx3SlRw5hMnqpADCE7haEALKz48PCxZcngAhMkb\r\nYwDkBkZHRzlG6OWwN5X44kKWAvKIcKUjI8OcT1yWhYt2gPmeERobm/5jph3RIts432azcVI0URJ0\r\ncXFJih18x+Lk5GSOEstUQ2QkU9vb/ySjYgRWQD+2wMRG5vX4jhPgxMQkPXkyJiU7fMID98zMDLW2\r\ntpJcROmjn5CQwGeJMmnF+Pp0fk5AAX06Iw0LHTJAN2+2EhSl1HCWgBLS0iLy1kqoMdbHXoB61aCM\r\nGp+bm5OUgDsDpQZ7goNVejrObfo1yG5CNZZ+KLVjmp+fl5QwNzevOBmGsbS0lDIzMxXhtAxCdlbA\r\naidPCrgs0IJED1isANiE2Vnluie+7aWjR0uk+wUd6IqQ3VTjqcN7qAPCqFDAFkAJuFhRanCfJSUl\r\nelysPITsUiDEbrxNiehmjcErtLa2SV5CiSYyybh42RhrKM3ZOOaT2auANdybxUSD74cS1Hw/coy4\r\naou0ofAScyUFuDwVmFyEGBsNyRYoYXJyUpEhi8WqOK4w2O2V2aMAD6BYrzBh04dWVlaora2dg6nQ\r\ncRpC6/HxsQj5eimrtAKABeWn/NDnbBshWxunIVGCUBhnCP+Gs8eDB/+Qmuv0n+P3zldjkqxSV0Ay\r\nlEtiLnJJzLd+wDHz6nDkUEZGJt8wrdLg4KAUZkfCHJfMfMclMxd9cwOOZLysLnNq+0s+HOkbcvmo\r\nRfHs7x/g4oro8oa8cvh63H3Zn431LYBO3Juj9tYf4HV6h2z+tQGQLWALeIXlI/LV2xwnx0QdsF4/\r\nAJuNrurqM+olMkxQROExP1BY9Jo0cdwjU3DIH7AFfNKimor3ykn+vuLre4WfXCbnPhmqQgwyhVQA\r\nBjhQ6GKL+QXeX+UGGSCLnAyyCsAET4WleElucuz3i5eUqkTBv3zxjlc6VF2j8JiNouYrtK1UEBu9\r\n31pafv9crVhaVQFAgKrr3FwnJ+uF4CKArZRSlrZ4CcI3NzfLFyd554Zyg7JovcXTvzBAnCzQ1g6s\r\nYM+rLXt/FjUpABO5tmb7/mUGCvBa1AIEFvgeC83LS4GStZfjU/MK8EMkbNu/zfkpgbbzHyf99UCe\r\nUlvrefYUNTygqeYwAJHyF85axdhfZ0Pxy4Zy+/15OpQi0Bfrf5//HzdiK4U5OVdqAAAAAElFTkSu\r\nQmCC\r\n--047d7b2e4eea075673051f1b849e\r\nContent-Type: image/png; name="google_logo.png"\r\nContent-Disposition: INLINE\r\nContent-Transfer-Encoding: base64\r\nContent-ID: <google_logo>\r\n\r\niVBORw0KGgoAAAANSUhEUgAAAXgAAACACAYAAAABK3JmAAAgOklEQVR42uzde4hUVRwH8KO7sz5S\r\niqQ3lWb56oE6M+uymnPPmVlTWrVaVvrDxOqPAlGLqD8kGtl77vooDUkkpT+MzHKLorKQ3VUjCjI0\r\nSKnENe2hOY8e7r1n3Jfu7fxEEMGsmZ29c3fm+4EfM4zr7Ir3fPdw5nfPYQAAAAAAAPkjZOYWIdUc\r\nYakXuHReF5a9yzDVd4Zln9CvOcK0u/Wjq1/v0a9l9PO0rsPCVF/qx+3CchqFVIujq9SU2Rt6hzAA\r\nACiMyKqO0cLKPCVMtUNI+zcK73yVYdldOvC/4pazOmo6RnCzG2AAANB/uHl6LLfUi7oOUhB7VYap\r\nTnNpb+WNalZ9k1vGAACg72j2LCznUR2yeyhsC1/2z/pxRbSxfRQDAIDs1bzce5UO9ueyWX7xdlbv\r\nKCHV+pq4cz0DAE8Ftz+yLfRunZtV7ahbyKCw6uNuhQ725YalkrmFr/dBzy1nZW3cHc4AAAEPlxdt\r\nVLXcUkeyCFgfBb39iyEz8xkAIODhovuluolL9R4F5UAvbqp3sD4PgIAHzZB2nWGpPykci6Wo957a\r\nKxkAIOBLUSTuDhXS2eJZ8Hof8ue4VM8z1x3EAAABXypmmWdu1QF4gIKw2ItbahvujAVAwJeEiMyE\r\nhLRPUfiVShmm+iIS//saBgAI+GJlWE6U2go9CtU/9Pfbp+sDWgqinnVhOWu5pdbp55vow1D9fK8w\r\nneO0nNLvP5N0vo7H3cEMABDwxcaQ6kHa46VfwtO0ew1pf8OlY9H30UF+A8tC1breYdHGTNiQzjIu\r\nnQ9pc7I83/3aQdscMABAwBdhf/vs/gh3Lu1vueUspTZLlke0Zi5kZq6wVBPtPolwB0DAw2Vws72a\r\nQi6fs3UKXqMxM415ILJW3SikY9KGYwh3AAQ8XMAb2sfntcddOh/xBuduVgCz4qevpTV82lce4Q6A\r\ngC9psdV/XU0HauSn1dA55pew1HepjhOm+hzhDoCAL02uO4hm2/mZuTubaWdJ5iPUDcMt51mazSPc\r\nARDwJYW6UfJwJ2iG9oH3+TGBlbSdMcIdAAFfEmiNvM8dM3QjlFRT2QBAH8JSiybCHQABX+z7y5RT\r\n2PWtS8Y5XmN2jBlY/+7kiIjMVDEAQMAXKzqoo697qsdWn7mNAQAg4P2Djq6jXvG+bC0Qa2i/iwEA\r\nIOD9hUu1sQ83L3XHTHsGAwBAwPsLrZlTSPehz30pAwBAwPsP9arnHO7S+QSHYgAAAt6vbYKm3Znj\r\nuvvp8xuFAQAg4P2HW87K3PvdM08zAAAEvP8EN7sBQ9onc/tgVR2qb3LLGAAAAt6fh3jk3BYpM/MZ\r\nAAAC3p+Eqd7O8SDqg/hgFQAQ8D5Fpx7ler4ql+oJBr7lBoOBZGTKncma4PRkLPxAMhqqS4nK+jQP\r\nzUvx8MxUNDzu16qqYaxIuXvZ0M6WinHdu8tn9rRUzD/bHFhARc/pNfoz+hpWhKrXpEdGpJp84ejL\r\nhcJST/JG9bgh7To6vGeGZV+HgM+OW19f9jufcjuNp7QIzaWxlIqFFySiwfnJWHDGqZrKMW4kUs78\r\nhDbWym2XSNVeG3eHM/AFl7FBiejUe5MitCQhgjt0eLfpC69HP7pXqkQ03KvD/qdUNNSUEqFnTtWE\r\n7qH3Gng7W7NBna0Vk7pby5fr2tHTXHa0qznQ29MacK9U57+mpayN/k53S/myzuaKifReA+84zfZR\r\nXKpFwrLfFKZq+587vZ6gQ+t1BjxG5z4g4C+Vrq4emRDhh/U42ZiIhvbrcdL5X+MpycNdekwd0M9f\r\n01V7PBIp7ARCB/WrOfa9v8Gg4NKzghN0qJv6Yjqqy81L8eAxHfir0zw0nvlcx+4hY3taApJCmgI7\r\nP1V2RD82dLQMuYP5GDU38MbMPGE5Ow3TPtvnM4elvfXfTlqLrlJTaMxnUwMx4N04G6wnOnNSIvz+\r\nxUDPvfQky06K4JaEmHZfgQLePpDLBYEtdQs7W0+LSq5nCp/RRdTP1ZzmlcJvs3q9xFLd1RrYeXGW\r\nnv+i99az+o+7m8ur/BbsQqrF3FJHLo7J/J2VzE31VmxN5uZLb4LMPJTtew2kgKellWS0cpEeU4f7\r\naywlRGgnBb2n2+PqgD+X/Y1NjqqPuxUMPHd+GYaH99IF42Xp9fs9yZrwZFZgnbsqJlCwUwB7WRT0\r\ntGbPCkyP1wi1Jmcd3DncvEgH9ZRCwKdioYiesR/yYhwlePicDvoNycikEV5cLNNzPMjjUwaeOlkb\r\nHE4XBl0g3ob7pRdnUoTX08/CPOY2sQq9FLNSz6q7KXALUfoXS5deq3/J3c8CzGN03KWQahONPy+L\r\nm+oVOtqyGAOeruOUCG0q0HhqS/Npwf7ee2ZJjv/xKxh4O2uPBr+nC8MPlRDhH+lnYh6htXAd7vsp\r\nZH1RzYF9HXuHjGYeiTXYE7mlfqCxV4ji0vmHvWsBkqK6ojeB3RRqGTUVxV/FfxkSNTDds2Ak43x2\r\n2SSaKAoaUxFTxk/UAiMaNUomMrssShA0MbFKiTH+IdFI/MCuQEoEf0GjMfiNUVR2h1kWmJllRdYl\r\n9yjWpGBmZ/q+1/26hzlVrwqR7e7Z6T59373nnnsrd6ufWk0Evy7RcKTpZwo5fg7a3CsYc0Rwcy3/\r\n7m98Im2Mh/pwQ/hrhTZz8eh0chlblwyJcdS+QUDEbkfz6zk3H/FE5ZbKZ/HcmVyYWVwtBM/yxrGc\r\na9/gk2cJ6c8ryA3AAVLyZaMAQzW4Dv7yJ0PGiJvAx2syuQRo1pnct4JQ/bg+TRfVn+5eAJabwOqW\r\nrXjm/LGCT/AsIW70Y8DEfSpXkW5wIeUlQZV9c6171X1kYvZUfPFBWLhW7eS+pO4HHCV/DCL188I1\r\n4kVEmoGGpM8EEDWC10PwaEbCztO3z1LCPo90QmIwBmkW+QAC3a/nC/bLKFAJtpDn4gsP1rK0dTWz\r\npr2ZibMfBBqE9ekuY0gjaUI8lTvxs8E7NYLXQ/DIuXOzUo+fn6GuaKgf8mfSBRCQQCK5skbwjqyU\r\nD3QUucdDJ8qUMuZvTsjNSBHoJGXCzAmI1nQkv0mHjDLe1ncY59x7cO/UCF4PwUMtI5BBmlkxe926\r\ncaPUZ2sgzSLseFtUI3gHL8QZvQ1UIdIRezhvIbu0ke4nEYv1UDpuX8fyxnPSCWt8Vyx8Cv/3JJaH\r\nJT/5f9HQen2qACvNjRz7iW/JhbQbR8KrNRdCH4K0sb+jbhLny0/Bwp/575K8/rqlo65HYwfsvwZW\r\n0jAVXyjuJn1Ba2EURoIt+St53sNZ6HqNtmbHs+TxAt6Jz2YV3Qqkgaqd4GE1oOd5Cm3lmtij/OxM\r\nSUet4zOJkQfAzmBt8ze+DFUZ//2ZkF2yymyt4m54sXJjIRqVZB40uYU1gq984aGqtDsVX6wWrXrU\r\nvr8rYcdhjlSJgRI6VeFfg5/V0a0nvTmZJG/WkRNnUl/AXjRx1s4PqcCQbCjSK9zI9KCmrtgbFYqq\r\nbcoBRWt2CxP3PN45hiuplcF0jFNClzHxr6lGgoepnp5AyZ7W2Thm30q7YqEwg5xYek6kaZWHfEhn\r\nr9YIvvKFlvLKogzrDPUb0X4UDpEkBLxndNgfIJIhh2CCHaNKsPzz7TAcIyH454/htVSDvYFNDgGv\r\nFw339PxoavNXxLuH1vxVSNtWC8GDaHlH/IrKvQwfmY1No/eRuU+OqOdnoU1yXuyscV6lFA18JwRF\r\n1o4awTsh+NwlFbrWrVXRpCPtosMvBsfg7eePcUyFrex7yHs6MXhicnxeIWr/kNMtF+hwgcQx+FgX\r\nK3bMrsRxnD2L+afkxfxcHrYCpAHx6blj+JhvVQPBo/CvYhLGSzDMSJ9ogp/puaQCmQ989vkawTtq\r\nCrucyoDz41cqFWXi1kjSjEzCtnBsL5o32J/9NIWIeQOMx0gz4BePwqmc5OtPpgqBNJ48JZNPw/ed\r\nNAJpG37OXwwywSN6hw229JnS7bvEx5zhPIq3t6xvsg4mKfhLfMd5BJ9dUyP4yhcKXDQIMHADxUnp\r\nNq47Fh5BLgHe8Mg/Sh8SeGFXEjFzvnyVkNyznG+3XHOsXDq0gUm+V2pngM9WUfTekv2HcB5yT6Q1\r\n93VyASB5+MoHleDh4y62942GjyPNQLoGLxwvo3jo4J8TaLv7I8ltQ2sEX+nKTR1cFmmdL5UlouWa\r\nXAZ0uSi+ulQoQu79BLknzJDvum6V0F4/XsGBcgyVQTSV/ZawmPpxNJWLkYuANzwaG4NI8Jz7XiT0\r\nWTrVRXvvVYJrynU3h/cUWhXkF0i+OJ4ec1SN4LXk4CHhWiFMg0zzzg/H/pWw2Po0lQHnu+8UEuhs\r\n8gh8rluEssl55XfR+XuF91WKPACf59KgETx05LKgJHQHaURPIvRFLtJewjWt1YrmfhdKvWiuF2rh\r\nT68RfKUvw/ykksQZHXW41M0R81bJI2B7yTuG1yXX2hlpOGSwmalIszglTn4prBlYTLuTRxh4jPbk\r\n6+wUFH83wuZ4sLmpmKQkSM28CdULeQDs1vmcrwSI4BGQ/FTg7JiHDFKf+6t9K46pR39vr5JG8GcL\r\nGyhm1QheXQfPb/bLhXnC75PHgK5XGMVPGcQp8jui3HtHndfD3pFKukhyrYNZGHDz0URR0JDKnUEe\r\nAqZngSL4qPU35/Usa7Zyjh2NTlF7uRsdrhA9OCf4tvxxwu3hM2QW8LKfwQ/ITC8Xm7Mt1dnJCt26\r\n4G3+GmSF5DFwTgwpkGjzS6tn6uYKCqudiIrJSxR2GxnHBN9RN2sQgr/Ducgh9zZG9pGHQBQfFLtg\r\nNO7xbnOTY4KPjDyCBIDKhRVjLQKhhPvFVjQ7cbGmV1LgaUpu3Id2LcA//0anv6um1OaDS8m4ULGX\r\nyA8NetNfLeis3VjqhSTUvt9ABiB8IWGVrEOArAWqrGtMBVRBIHioygT36AtOgx1WlyVg9eGybxTS\r\nsX9nl8mJ2CEIv7j8EkkUj/QO7WLgCL7dYa1ia6loqzvR8FVxTtsQ0CUruWY4+dEOwNg7NBMJ8u9h\r\nMgQ+91hJExbsEIrJEIMkcMBONAgEjzSJQNJbUdCwIXLcXnz8S53Uo6RSTfjndEbtr5EqmKinCWVa\r\nj9EuBOiVmeC7HRbDXqUSQB7deSEo9DZpgrzL1X5Xh/QMrpGSpib4y5Ah4KXEhJ13et3FXCbZ0yku\r\nkCi/K5jFoLPYmvMzwcsVX9agNQ00EvLu9TbXveSj9suZWOgCdLbrTDuMkupwC1a41Q9EToLf0581\r\nFliRh7vXB1OmFghu3st0FFiZXJ8gw+DrWC7Q64+jHQBHR4nXDBkE25Qs9zvBQ+roPIIfNYp2AJr0\r\nMC8VUl93o3X7o3TMugfDSBBAuROZtmbfFzbxTN918u+9F+ocTs5kPUdA8NeRYaCgJKgb/Jp2AJP1\r\nuYJ89i1kGEzWtwteTOcUUaakBEZ/Rr9/Pv/tfid4iVled2z0gbQdSIFuNwjLuEns2AmjpgV7bc+K\r\nh4KVaZw1sDtVP1BkekTwAmwchChvE+QKf0KmINcYY/2hiOzwCkH+/RdkFii0XifoaL2sSIrm94IC\r\nq9HvHy8Y30fw0dBKp/cn/Nz5vm6GvNL1GcjR0OOZmHUy1D7kFSItvZZY592Sv4KqHJHkhr3gs+20\r\nwBpJpvegEoBnu8iG1zAycfsswc7jviIEP01A8JeQYYCsBdd9zc5kmf2jQJ48wXCQMzUAEfwqgYpm\r\njZukvn2oziw0NhorIGKSjNTwqNolk9GW3vN1jzbkaPwvAm9qox3Ect96a34RRUpSEAlfRGaB654i\r\nIPhf7uxBk79LYPQ33jDBT/G/iib0oo9G8D2TjofPhqGgb0hMuG6hakTB7e+fAt/8a8uYId3pPBIO\r\nG5emwitecKPfVSQSvlpAlFPJJOTXfWURspwnaHI6iwwCzqgBUNE8a5bUMZvBuj0TbQiRnzB69sAw\r\njsbXyaL47EA0ten46lTP5JslvxN0CeueE5mJ2WYJTu5d/9sikfDFgq7QmT7Iwc8REPyFO+fg83Mc\r\n7wpbcpMNR/A3+F9FY7cbGjr/BjTyG084YW/yK6D6kEbxMEBCzpmqCGhSQupKEL2vLqdXZmlUSpCD\r\n/x0ZBkaYCa47STugf0n9BKdEiVmrPojgFzq9bgw0KSI5vEpQ75prmB/m+53gITn0jtTRxRp6EF2t\r\nAvsQb1Fwt8tnhCQPYrsbxLaLSyPxIF5NZYB0i6ACv9J8isZ+TlBknVQkgg87J8ohb5JhwMlS8GKy\r\nikTDZwqer2VkEAhcAtDJ2uZBGqYTkuXuSPggChjgj/EzFfdETGinKkBjqu9Q3kZvEqSrPorckB9O\r\nZdCVCI+WNEV0Nh5rTJaKwQMYNOLYXuHEUQ1FzLv2krgzDjwxzFhzXd+yLxwiuWbYDRch+GMFzYW9\r\nsAkmA4CQAqnYAOTgJ7moXV/GQ2wmwKo7uGmJ5LZ6bsl/XUrwuAl4UtRpFGCgHqEwRu2eSocBQHMr\r\nUdIESUGDF0KplxJHtu9I8tkG0zOTBXbB/yn9nGU/FGjhv00GINhxGCF4zFJ1wRfmNzAxqx5TrZb8\r\nOJUoHppxFCcpgIDnBjd0PKQwou9YqhBwsROkOx4mQ+DW7Uc0DisAwd8niIiNpangfimQdt41iHnd\r\nk4J7zIhdBZ6JIBA8XFr1DNqwXoIvTDoyYo8qbc3P/kmV5Nlv4xQKEGCfzBH4A9LPjIfAoeRwtoAw\r\nBwTe1crINIWOxrl1OvWxedh5wlmnNnkK+exY2BToNPpDCtBrD6jIzN6D0Ljnf4Iv2BUIUzBbuCnp\r\nbn4ujxf4wgQLyLlxquUDRZL/GDNJfV94LYxPWyT+rBhG3po9mhwA1XfJjQilgPfRe+gBmVWwFaES\r\nQD5dSJqLvG2FoM/xy2ipwP1ygGsNw/UP3Ml7qqaCeidQE51i1sXS2acmHFpN6l6jhcKKysrNOym5\r\nbTfyKeJtfYfxdvklxc95EzkE/Cj4plorJk6PkImGY1K1AT5jGV35U7JRePWe7Q772+smCl9Ey8o2\r\n0bXmX5METvG2/EjyAInpm47EriFIBJ9JjDwAEkaJAdgHJ4V28+65sr63fej+USa715I6ZpMygf4b\r\n1sTkM6AgDLsFlc+GcWbYAZAAcFqUutFhAAG5jPfj9pfkXh3W9VQGcJUUkmd64HHan1zGwLJhB/G5\r\nuiXX2N9RN4nKIDojf7nwvnsFQZPbfSCCOoFxggdg6iUcjTeH3Ad274fx6tkeCPXBUhvBEHmNZHLb\r\n5znN8rAeks/2Y2B3c7J7T+MyyGRuXxSsNHwuSEMTJAQMiMRjv6J2h4NRXqJBwvwCWiJtAulsDB9a\r\nlkAX0+48RLsHhChYT29bSK6RHK5NOFYQ6ZkMrq2SVCjkj8K+k/vxfBoY0+d7godjo7TAip91PWiK\r\n2a8WObeZaB7RaaGjU0s034XcvAlNL+yN4alR0LirLbywSAB93XehB99oPkL77xHHxLFxDrfrBEyI\r\n00GKksUvh8UgUjfInSP3DpxDWAi+1kED0WyFwv6tIHkXdrYX4fhBJXh0lnKxdLXw/s1lErZFLgDW\r\nxKXUc0aj+bEt+f1jqdx/dZE8Foq4aNnGfEoP6gn7QbXAxJ7Wdf187R2QVZIiMHsREa9KA4bOwQE4\r\nFm8fn1TQDm91EolsW057YxwfiFG02uueHWgfdoDOtIw0csdCSgfNTY52k6l8VsGye4EumxDUBQSW\r\nJQYI3lnfhkCttoGbmsaSFKXnML9Z4pzmo3l0dyLfrI/kC9IvSAzRTAHvdZ1KIM5x/oiHKywsLfOS\r\n1xRwfI0a85sUp6+vTSes8SpVefwsjsFRRJdSx1/cnqtiwytNifQ/UXcmFC8qahnOm/+QCXq97Drk\r\ntsZ8T/1c8X58nVM931QN4grp2OATPO5nWPaqjNODwZ9qNI3dBBQ6nFLtLXNO89F8ZMbGIzD8t/wX\r\nLM/Tw0sdznVsmzCRiXkEOkvLRR0g2/iMXpvTL+dA0cI3+6qCAkjvwk4GWmTdNgBFFDWyaD5hx50Q\r\nPf4tfgY/q6Hz7z18FnIGWBcM5XF4q0CQims5z3ttwkPl5AFkn5tm3gmsUD0/dhMYDC7pwdCg5MKa\r\nD/ml04E2/NxcI0hb+pjgC52tBXsN2dqeUjkJ94lAJXeqBo/6FZgR623jQyr/quiLl0co3ZCUgbiZ\r\n/J9m4n+eUyQv8xCENbIilZzcI219h7g0Dq9ZY5v1W1CxpBP2uHTEHv7/hI8/dzaO2TcdDTfxv5lZ\r\natsoacL6H3vnGiJVGcbxl2zFLxFZdDX9ZBJWpOuuIsHu7I76QYqKKMSoIOiCmZHQh6DWnNn1Umgo\r\nhhYh5QdLsqyo1NjN0A8VfRLTFLIIddUVL3NZb7j2/NiNEbXY886ZOefM/n/wMrO7hzMH9j3PPOe5\r\n/B9q+50nZzvrxpsnfro8I1uSCLDXpQy8tnj6zZd69rzndxh1jrFj94fxmXbtvWe2Dr/beYJhpkEw\r\npPDnL4jeIeNNDu3y6hhKg9GXp9DAHKHeAOdOlIEHhMFCGre3n8Y97lPCmJc7UfxMiSZJWp7I7Yvh\r\noOdnRa8ii8dsRreLf+QQWcTc96UyvWOiHWrtP4jAVjebrvSoGO7i2p0HHt2tPnHxokkjHGDxvkKf\r\n8Uz5Yn+5Fyu0f08QXrXV7VHXnmgDj3xBKacU3uI+olwZLXhKibnHwv4Mu+5f8d4jEyZjmtNQMO54\r\nRL7J4OCbseGbqMeN+WjkhBUrNGO5CoOZqPV93bvhTRDLvx/BHq9ZAw88xWKME3RPEe48cKxlyh0u\r\naqwOfLb9Q/O1atxRiKxmJy7ddOYdbE/MZmxp2BFmByDxeEu6bkyIcSepuoG4e5iaSFZ08LUMfHgG\r\nHqhWYwB2Moz7pOPd0ybdEyv9dAthbK8lw048lEHDUWjp0KXKgI8kGHeSqi5kzGAONyO/KQHG/XOu\r\ntRKS1dZ78p0MfHgGHpiVWuogje3qsdzYhFiOuDODOKdU05votStqaQWmsds/+osYG/dNldTuwJO3\r\nROgHsTXwW+tWc42uQtAImMoU1svAh2fgAc+Yaq943lf1f5pGzTgXZ9JLirdbhn5tMjdm7jT6O+QX\r\nXAwgrk3ysiTVG/3iWqhMoGysGkqO1Mhb8vV8XAy7Xcs5hoZzbdWQCrF7aUHU+Seb7/B0rRh4ODpj\r\n4m08fcbJuCMLQqerSwoo3tFklKBY+6eUQLoY0tPSmCLpEvUmpFoAdckI9NgbrJxxb/QGftiec111\r\n9VEM4UHio+r3RDb/ExVzzHaoJQMPjN4zR6W91EUewSp1fr+BM+eSSFO2OAlhJJqYYhhnv2CvnwVp\r\nDolyJip1uHTYRbEJj7Q0LOuZOvU6Fw2EbEagW2PliGci8NpPW6XMAq4hMoep49SN1XwyZoj+v8UF\r\nyTDw/nH50jD56i7ybNaPgu1JPunFvaMJf5Q6YaNbaNIg8kTDh0sYxOhsc6zz6NDzUoVkys3R9OSx\r\nLib0dY4YQ2y+GmGb/s8YtqZv84g7XUxo7ihOtr37QwWbCg/TRe4AvAx87nxSDDwQbjRjO8vuqb1V\r\nCnP+fjTd8HhNTo4irpjO5B4wY7/CS8DMf/UwfMQed2dSiuYSzqHUhDGM/aOBqQLJHvRo3kby18UU\r\nRMHMq263ePjBsA07DVF27ixTp1xM4R7i6RNjGmK3+Jt0vl6lAevRgE/GxTgYeL8hPI0PW/fo5rDz\r\nXpwPiW/On8BwjH9jR2rhqXHIk1Jvbjo0f4QpK0Bc3er0X23KFu6vnHZ29InYgalLK20D7SxDsGyP\r\nbewV6NLQcOUSAjXo5tE302xk0gS/+VfFDNtlr8vMuDd51LVHO9uA6rVsbgtFAgGF/nqpuaeX5f80\r\nn1KZ/KyAMtrdLuEgO8D4v4HGw7xvt6tVwm2x+2resabGUU7068/zGDqwqV7H00czw7yCb+21k3p7\r\nHlH7N3R+E3FJO2aZvZ9vG/WJ1KJiPedwQ5ST06eMxEijYIeHjzY7naaWpe+y321jw9nP620tt034\r\nMvoxDCFwNULfZjfSjHWrJWbnmtFfbh7+J+jG2/sfWbw3I76ev3EMxyJZ7JJNqbs8W2xMZYvPIdiH\r\n00Q9PbIiyFvj8Vt4ciXzGHgCMLnrQeUU7JwvBCxY2FNrTtTh1on39rQ2zDZj3Wb30YcD91QnTYkI\r\n9dnPX9mT71q73zJHWhufQuiMRK4TQog4Y17+WwHDPV1OCCFE/KGiJlAFTqawzgkhhIg/SHMHi8EX\r\n2pwQQoh4w0AQ+kUCefCUWQohhBjMnNR8itmrqYX58a7KYKyDVrClF54a64QQQvxXY+Dx6824zqUi\r\n5VLpaldlqFQLWk/vUGAVQghxhUG9z6pWVltPSOHq8e1io6sSaDMFlRhhgL4TQghxiTQwfR+Zwo5B\r\naMTs5HhXBej8Dt5kWHzeCSHEUAcBMfN429FGCmhIV1VDCiF493iuD7lwJ4QQQ52mttxNyAt4Svm+\r\n4ioE84e9RAEzhW1OCCFEP0hx+Gsu5eeFbtwXnbyBIR8+14OmjRNCCNFP09LCrSRU/YdyFN5DU8aF\r\nAMJ/FuPf7TkN7RC5ASeEEKIEonplDufYbd5zs/OELwg7z2vI/JbxNDHfCSGEuFIFsiQHUNbqtDLK\r\nR/CkB5nkvQtZAeR9y/uCyf2N3LATQghxJYyNNA/6bDjDO/IF5LStQmcJsxaIjZuH/STvLTmbsWM2\r\nhDtsJ/eYE0II4aG7HuOFhII6V4UQYhC6MyRNk2Pgc39Nbzs50gkhhBhUwvNaM/Ib427cCQO1LipM\r\ncEIIIYIlXdF0ia9xz52xmP40J4QQwtOTb8+viaXnnsmnnRBCiHJj8vmXTOPlXByMO5U3VPs4IYQQ\r\nYZVQFutLHabRLLTome7khBBChC8pTMert6yBf5fsvuZsYaYTQghRcY32W1KZwjtmfPMV9tiZJPVs\r\n/ZqLdU4IIUR1R/qZsZ/T3J7/OUTDfsI6YD+2c7a2tV28xgkhhIiWpsXFUXjb1nj0kb3uGkxS1mQR\r\nLpA0tSTul4R+GPAhb10IIRJQYple3Du6uaM42eLnM1IdxYdMBuHBVEdhOr9j1qqkfYUQQgjxT3tw\r\nQAIAAAAg6P/rdgQqAAAAAAAAAABMBOJQ6SEPUEbKAAAAAElFTkSuQmCC\r\n--047d7b2e4eea075673051f1b849e--\r\n'
'Message #%d'
'(#5) Attributes: %s'
{ date: Mon Sep 07 2015 00:18:44 GMT+0200 (CEST),
  flags: [],
  uid: 5,
  modseq: '1334',
  'x-gm-labels': [],
  'x-gm-msgid': '1511604013671897284',
  'x-gm-thrid': '1511604013671897284' }
'(#5) Finished'
'(#6) Body'
'Delivered-To: tonyravioli.dino@gmail.com\r\nReceived: by 10.25.27.19 with SMTP id b19csp1017646lfb;\r\n        Sun, 6 Sep 2015 15:33:57 -0700 (PDT)\r\nX-Received: by 10.112.168.7 with SMTP id zs7mr14479296lbb.26.1441578837567;\r\n        Sun, 06 Sep 2015 15:33:57 -0700 (PDT)\r\nReturn-Path: <dam.buty@gmail.com>\r\nReceived: from mail-la0-x22a.google.com (mail-la0-x22a.google.com. [2a00:1450:4010:c03::22a])\r\n        by mx.google.com with ESMTPS id v4si8603336lav.48.2015.09.06.15.33.57\r\n        for <tonyravioli.dino@gmail.com>\r\n        (version=TLSv1.2 cipher=ECDHE-RSA-AES128-GCM-SHA256 bits=128/128);\r\n        Sun, 06 Sep 2015 15:33:57 -0700 (PDT)\r\nReceived-SPF: pass (google.com: domain of dam.buty@gmail.com designates 2a00:1450:4010:c03::22a as permitted sender) client-ip=2a00:1450:4010:c03::22a;\r\nAuthentication-Results: mx.google.com;\r\n       spf=pass (google.com: domain of dam.buty@gmail.com designates 2a00:1450:4010:c03::22a as permitted sender) smtp.mailfrom=dam.buty@gmail.com;\r\n       dkim=pass header.i=@gmail.com;\r\n       dmarc=pass (p=NONE dis=NONE) header.from=gmail.com\r\nReceived: by mail-la0-x22a.google.com with SMTP id b10so41447763lae.1\r\n        for <tonyravioli.dino@gmail.com>; Sun, 06 Sep 2015 15:33:57 -0700 (PDT)\r\nDKIM-Signature: v=1; a=rsa-sha256; c=relaxed/relaxed;\r\n        d=gmail.com; s=20120113;\r\n        h=mime-version:from:date:message-id:subject:to:content-type;\r\n        bh=9G4zcBXkL80AxFimr8m4C69sIw7aQ7MRmKXooqCzdAA=;\r\n        b=VdvZCqoXlttnzkoBvEvG2dYExsytcRPD6XwAXVsOYGD5egS5mftJSNftMBzQlmXySV\r\n         q+tD2eDffBtB5PlLcmM1QY1dGjEc62oDHtMye1gvCH9GUp/COThofUB7h+TLHTm8rixD\r\n         sLdm4T2aDj5t+f9w7+vYe7uOg3qkWVXPEexjnqOW0ubtYJgOx/Eatz7TmOchM3XMZ114\r\n         OP6bxmDgN/qrbuPVYJSE4zdFVPc1cWGQG6CaGIngYNTlYVCE3+0CLdNyHU16EbbUf8t6\r\n         yFYPWKOJIxCt8GxYkQPNR9tLwpgo/vd7icE67ve4eQsUecyZqm2k+NENQVmonYmIZSTK\r\n         J+PQ==\r\nX-Received: by 10.152.43.129 with SMTP id w1mr14278719lal.44.1441578837439;\r\n Sun, 06 Sep 2015 15:33:57 -0700 (PDT)\r\nMIME-Version: 1.0\r\nReceived: by 10.25.32.14 with HTTP; Sun, 6 Sep 2015 15:33:37 -0700 (PDT)\r\nFrom: Damien BUTY <dam.buty@gmail.com>\r\nDate: Mon, 7 Sep 2015 00:33:37 +0200\r\nMessage-ID: <CAHBpBNvTRpYRmeXJ4wt7vxVyQZwNFESN9ury1Hkb6qmuvi+8EQ@mail.gmail.com>\r\nSubject: yo man\r\nTo: tonyravioli.dino@gmail.com\r\nContent-Type: multipart/mixed; boundary=001a11c1b70c85ad77051f1bbaf6\r\n\r\n--001a11c1b70c85ad77051f1bbaf6\r\nContent-Type: multipart/alternative; boundary=001a11c1b70c85ad71051f1bbaf4\r\n\r\n--001a11c1b70c85ad71051f1bbaf4\r\nContent-Type: text/plain; charset=UTF-8\r\n\r\n*Damien BUTY*\r\n\r\n--001a11c1b70c85ad71051f1bbaf4\r\nContent-Type: text/html; charset=UTF-8\r\n\r\n<div dir="ltr"><br clear="all"><div><div class="gmail_signature"><div dir="ltr"><blockquote style="margin:0 0 0 40px;border:none;padding:0px"><div style="font-family:arial;font-size:small"><div><b>Damien BUTY</b></div></div></blockquote></div></div></div>\r\n</div>\r\n\r\n--001a11c1b70c85ad71051f1bbaf4--\r\n--001a11c1b70c85ad77051f1bbaf6\r\nContent-Type: application/pdf; name="A23598_2014_06.pdf"\r\nContent-Disposition: attachment; filename="A23598_2014_06.pdf"\r\nContent-Transfer-Encoding: base64\r\nX-Attachment-Id: f_ie92sijm0\r\n\r\nc2RzZHNkCg==\r\n--001a11c1b70c85ad77051f1bbaf6--\r\n'
'(#6) Attributes: %s'
{ date: Mon Sep 07 2015 00:33:57 GMT+0200 (CEST),
  flags: [ '\\Seen' ],
  uid: 6,
  modseq: '1376',
  'x-gm-labels': [ '\\Important' ],
  'x-gm-msgid': '1511604971235894060',
  'x-gm-thrid': '1511604971235894060' }
'(#6) Finished'
I - 2015/09/07 - 00:50:37 : Done fetching mail
